BL51 BANKED LINKER/LOCATER V6.22                                                        12/19/2017  08:58:32  PAGE 1


BL51 BANKED LINKER/LOCATER V6.22, INVOKED BY:
D:\KEIL_V5\C51\BIN\BL51.EXE .\Output\main.obj, .\Output\A8900.obj, .\Output\delay.obj, .\Output\eeprom.obj, .\Output\GPI
>> O.obj, .\Output\MoveData.obj, .\Output\Time.obj, .\Output\uart.obj, .\Output\GPS.obj TO .\Output\51A8900 PRINT (.\Lis
>> tings\51A8900.m51) RAMSIZE (256)


MEMORY MODEL: LARGE


INPUT MODULES INCLUDED:
  .\Output\main.obj (MAIN)
  .\Output\A8900.obj (A8900)
  .\Output\delay.obj (DELAY)
  .\Output\eeprom.obj (EEPROM)
  .\Output\GPIO.obj (GPIO)
  .\Output\MoveData.obj (MOVEDATA)
  .\Output\Time.obj (TIME)
  .\Output\uart.obj (UART)
  .\Output\GPS.obj (GPS)
  D:\KEIL_V5\C51\LIB\C51L.LIB (?C_STARTUP)
  D:\KEIL_V5\C51\LIB\C51L.LIB (?C?CLDPTR)
  D:\KEIL_V5\C51\LIB\C51L.LIB (?C?CLDOPTR)
  D:\KEIL_V5\C51\LIB\C51L.LIB (?C?CSTPTR)
  D:\KEIL_V5\C51\LIB\C51L.LIB (?C?CSTOPTR)
  D:\KEIL_V5\C51\LIB\C51L.LIB (?C?IMUL)
  D:\KEIL_V5\C51\LIB\C51L.LIB (?C?UIDIV)
  D:\KEIL_V5\C51\LIB\C51L.LIB (?C?SIDIV)
  D:\KEIL_V5\C51\LIB\C51L.LIB (?C?IILDX)
  D:\KEIL_V5\C51\LIB\C51L.LIB (?C?LMUL)
  D:\KEIL_V5\C51\LIB\C51L.LIB (?C?ULDIV)
  D:\KEIL_V5\C51\LIB\C51L.LIB (?C?ULCMP)
  D:\KEIL_V5\C51\LIB\C51L.LIB (?C?ULSHR)
  D:\KEIL_V5\C51\LIB\C51L.LIB (?C?LLDXDATA)
  D:\KEIL_V5\C51\LIB\C51L.LIB (?C?LLDXDATA0)
  D:\KEIL_V5\C51\LIB\C51L.LIB (?C?LSTXDATA)
  D:\KEIL_V5\C51\LIB\C51L.LIB (?C?LSTKXDATA)
  D:\KEIL_V5\C51\LIB\C51L.LIB (?C?PLDXDATA)
  D:\KEIL_V5\C51\LIB\C51L.LIB (?C?PLDIXDATA)
  D:\KEIL_V5\C51\LIB\C51L.LIB (?C?PSTXDATA)
  D:\KEIL_V5\C51\LIB\C51L.LIB (?C?CCASE)
  D:\KEIL_V5\C51\LIB\C51L.LIB (PRINTF)
  D:\KEIL_V5\C51\LIB\C51L.LIB (STRSTR)
  D:\KEIL_V5\C51\LIB\C51L.LIB (?C_INIT)
  D:\KEIL_V5\C51\LIB\C51L.LIB (PUTCHAR)


LINK MAP OF MODULE:  .\Output\51A8900 (MAIN)


            TYPE    BASE      LENGTH    RELOCATION   SEGMENT NAME
            -----------------------------------------------------

            * * * * * * *   D A T A   M E M O R Y   * * * * * * *
            REG     0000H     0008H     ABSOLUTE     "REG BANK 0"
            REG     0008H     0008H     ABSOLUTE     "REG BANK 1"
            DATA    0010H     0005H     UNIT         _DATA_GROUP_
                    0015H     000BH                  *** GAP ***
            DATA    0020H     0001H     BIT_ADDR     ?BA?A8900
BL51 BANKED LINKER/LOCATER V6.22                                                      12/19/2017  08:58:32  PAGE 2


            BIT     0021H.0   0001H.1   UNIT         _BIT_GROUP_
                    0022H.1   0000H.7                *** GAP ***
            IDATA   0023H     0001H     UNIT         ?STACK

            * * * * * * *  X D A T A   M E M O R Y  * * * * * * *
            XDATA   0000H     052DH     UNIT         ?XD?UART
            XDATA   052DH     01B9H     UNIT         ?XD?A8900
            XDATA   06E6H     005CH     UNIT         _XDATA_GROUP_
            XDATA   0742H     0018H     UNIT         ?XD?MAIN
            XDATA   075AH     0012H     UNIT         ?XD?GPS
            XDATA   076CH     0006H     UNIT         ?XD?TIME
            XDATA   0772H     0004H     UNIT         ?XD?MOVEDATA

            * * * * * * *   C O D E   M E M O R Y   * * * * * * *
            CODE    0000H     0003H     ABSOLUTE     
            CODE    0003H     0003H     ABSOLUTE     
            CODE    0006H     0005H     UNIT         ?PR?SW_INIT?MOVEDATA
            CODE    000BH     0003H     ABSOLUTE     
            CODE    000EH     0005H     UNIT         ?PR?LIGHT_INIT?MOVEDATA
            CODE    0013H     0003H     ABSOLUTE     
            CODE    0016H     0027H     UNIT         ?PR?_UART2_SEND_LEN?UART
                    003DH     0006H                  *** GAP ***
            CODE    0043H     0003H     ABSOLUTE     
            CODE    0046H     0055H     UNIT         ?PR?IN_LOW_POW?MAIN
            CODE    009BH     0003H     ABSOLUTE     
                    009EH     0005H                  *** GAP ***
            CODE    00A3H     0003H     ABSOLUTE     
            CODE    00A6H     07CBH     UNIT         ?PR?REC_SERVER_DATA?A8900
            CODE    0871H     0567H     UNIT         ?PR?A8900
            CODE    0DD8H     0365H     UNIT         ?PR?PRINTF?PRINTF
            CODE    113DH     0312H     UNIT         ?C?LIB_CODE
            CODE    144FH     02EAH     UNIT         ?PR?GPS_ADDR?A8900
            CODE    1739H     02C0H     UNIT         ?PR?_NMEA_GPRMC_ANALYSIS?GPS
            CODE    19F9H     0201H     UNIT         ?PR?GET_RTC?MAIN
            CODE    1BFAH     01FBH     UNIT         ?CO?A8900
            CODE    1DF5H     0195H     UNIT         ?PR?CONNECT_SERVER_TEST?A8900
            CODE    1F8AH     0191H     UNIT         ?PR?MAIN?MAIN
            CODE    211BH     018BH     UNIT         ?PR?SEND_ANSWER?A8900
            CODE    22A6H     017CH     UNIT         ?PR?_GPIO_INILIZE?GPIO
            CODE    2422H     016AH     UNIT         ?PR?LOADPARAM?A8900
            CODE    258CH     012FH     UNIT         ?PR?GETSTATIONADD?A8900
            CODE    26BBH     012EH     UNIT         ?C_INITSEG
            CODE    27E9H     010BH     UNIT         ?PR?BASESTATIONADDR?A8900
            CODE    28F4H     0108H     UNIT         ?PR?GET_VOLTAGE?A8900
            CODE    29FCH     00EAH     UNIT         ?PR?_NMEA_STRBUF?GPS
            CODE    2AE6H     00DFH     UNIT         ?PR?GPIO_CONFIG?GPIO
            CODE    2BC5H     00D6H     UNIT         ?PR?SEND_LOGIN?A8900
            CODE    2C9BH     00D3H     UNIT         ?PR?TM4_ISR?TIME
            CODE    2D6EH     00BFH     UNIT         ?PR?_STRSTR?STRSTR
            CODE    2E2DH     00BBH     UNIT         ?PR?TIMER0_ISR?MAIN
            CODE    2EE8H     00BAH     UNIT         ?PR?_ASC_TO_HEX?A8900
            CODE    2FA2H     00AEH     UNIT         ?PR?_FIND_STRING?A8900
            CODE    3050H     00AEH     UNIT         ?PR?_NMEA_GPGGA_ANALYSIS?GPS
            CODE    30FEH     00ACH     UNIT         ?PR?GET_CCID?A8900
            CODE    31AAH     00ABH     UNIT         ?PR?_SECOND_AT_COMMAND1?A8900
            CODE    3255H     009FH     UNIT         ?PR?GET_GPS?A8900
            CODE    32F4H     009EH     UNIT         ?PR?SEND_HEART?A8900
BL51 BANKED LINKER/LOCATER V6.22                                                      12/19/2017  08:58:32  PAGE 3


            CODE    3392H     008CH     UNIT         ?C_C51STARTUP
            CODE    341EH     008BH     UNIT         ?PR?GET_CSQ?A8900
            CODE    34A9H     0089H     UNIT         ?PR?GPS
            CODE    3532H     0081H     UNIT         ?PR?GET_IMEI?A8900
            CODE    35B3H     007AH     UNIT         ?PR?SEND_SIMNUM?A8900
            CODE    362DH     0079H     UNIT         ?PR?WAIT_CREG?A8900
            CODE    36A6H     0066H     UNIT         ?PR?UART2?UART
            CODE    370CH     0055H     UNIT         ?PR?OUT_LOW_POW?MAIN
            CODE    3761H     0053H     UNIT         ?PR?_IAPPROGRAMBUF?EEPROM
            CODE    37B4H     0052H     UNIT         ?PR?_NMEA_COMMA_POS?GPS
            CODE    3806H     0049H     UNIT         ?PR?INT0_ISR?MOVEDATA
            CODE    384FH     0047H     UNIT         ?PR?INT1_ISR?MOVEDATA
            CODE    3896H     003FH     UNIT         ?PR?LOW_PW_RTC?MAIN
            CODE    38D5H     003DH     UNIT         ?PR?BUF2TEMP?UART
            CODE    3912H     003CH     UNIT         ?PR?_IAPREADBUF?EEPROM
            CODE    394EH     003BH     UNIT         ?PR?TM3_ISR?TIME
            CODE    3989H     0037H     UNIT         ?PR?LOWPOWER?MAIN
            CODE    39C0H     0033H     UNIT         ?PR?MAIN
            CODE    39F3H     0027H     UNIT         ?PR?PUTCHAR?PUTCHAR
            CODE    3A1AH     0026H     UNIT         ?PR?UART2INIT?UART
            CODE    3A40H     0024H     UNIT         ?PR?_GPS_ANALYSIS?GPS
            CODE    3A64H     0020H     UNIT         ?PR?SAVE_EEPROM?A8900
            CODE    3A84H     001DH     UNIT         ?PR?TIME
            CODE    3AA1H     001DH     UNIT         ?PR?_UART2_SENDSTRING?UART
            CODE    3ABEH     001CH     UNIT         ?PR?MOVEDATA
            CODE    3ADAH     001AH     UNIT         ?PR?CLR_BUF2?UART
            CODE    3AF4H     0019H     UNIT         ?PR?UART1INIT?UART
            CODE    3B0DH     0017H     UNIT         ?PR?_DELAY_MS?DELAY
            CODE    3B24H     0017H     UNIT         ?PR?_IAPPROGRAM?EEPROM
            CODE    3B3BH     0016H     UNIT         ?PR?UART
            CODE    3B51H     0013H     UNIT         ?PR?TIMER0INIT?MAIN
            CODE    3B64H     0013H     UNIT         ?PR?SEND_ANSWERADDR?A8900
            CODE    3B77H     0013H     UNIT         ?PR?TIMER3INIT?TIME
            CODE    3B8AH     0012H     UNIT         ?CO?MAIN
            CODE    3B9CH     0011H     UNIT         ?PR?_UART2_SENDDATA?UART
            CODE    3BADH     0010H     UNIT         ?PR?_IAPREAD?EEPROM
            CODE    3BBDH     0010H     UNIT         ?PR?TIMER4INIT?TIME
            CODE    3BCDH     000EH     UNIT         ?PR?GPIO
            CODE    3BDBH     000DH     UNIT         ?PR?IAPIDLE?EEPROM
            CODE    3BE8H     000DH     UNIT         ?PR?_IAPERASE?EEPROM
            CODE    3BF5H     000DH     UNIT         ?PR?EEPROM
            CODE    3C02H     000CH     UNIT         ?PR?_UART1_SENDDATA?UART
            CODE    3C0EH     000CH     UNIT         ?CO?GPS



OVERLAY MAP OF MODULE:   .\Output\51A8900 (MAIN)


SEGMENT                                  BIT_GROUP          DATA_GROUP          XDATA_GROUP
  +--> CALLED SEGMENT                 START    LENGTH     START    LENGTH     START    LENGTH
---------------------------------------------------------------------------------------------
?PR?TIMER0_ISR?MAIN                   -----    -----      -----    -----      -----    -----
  +--> ?PR?MAIN

?PR?MAIN                              -----    -----      -----    -----      -----    -----
  +--> ?CO?MAIN
BL51 BANKED LINKER/LOCATER V6.22                                                      12/19/2017  08:58:32  PAGE 4



*** NEW ROOT ***************************************************

?PR?INT0_ISR?MOVEDATA                 -----    -----      -----    -----      -----    -----
  +--> ?PR?MOVEDATA

*** NEW ROOT ***************************************************

?PR?INT1_ISR?MOVEDATA                 -----    -----      -----    -----      -----    -----
  +--> ?PR?MOVEDATA

*** NEW ROOT ***************************************************

?PR?TM3_ISR?TIME                      -----    -----      -----    -----      -----    -----
  +--> ?PR?BUF2TEMP?UART

?PR?BUF2TEMP?UART                     -----    -----      -----    -----      06E6H    0002H
  +--> ?PR?UART

*** NEW ROOT ***************************************************

?PR?TM4_ISR?TIME                      -----    -----      -----    -----      -----    -----
  +--> ?PR?TIME

*** NEW ROOT ***************************************************

?PR?UART2?UART                        -----    -----      -----    -----      -----    -----
  +--> ?PR?UART

*** NEW ROOT ***************************************************

?C_C51STARTUP                         -----    -----      -----    -----      -----    -----
  +--> ?PR?MAIN?MAIN
  +--> ?C_INITSEG

?PR?MAIN?MAIN                         -----    -----      -----    -----      -----    -----
  +--> ?PR?_DELAY_MS?DELAY
  +--> ?PR?GPIO_CONFIG?GPIO
  +--> ?PR?UART1INIT?UART
  +--> ?PR?UART2INIT?UART
  +--> ?PR?TIMER0INIT?MAIN
  +--> ?PR?TIMER3INIT?TIME
  +--> ?PR?TIMER4INIT?TIME
  +--> ?PR?SW_INIT?MOVEDATA
  +--> ?PR?LIGHT_INIT?MOVEDATA
  +--> ?PR?MAIN
  +--> ?PR?_IAPREADBUF?EEPROM
  +--> ?PR?LOADPARAM?A8900
  +--> ?PR?LOWPOWER?MAIN
  +--> ?PR?OUT_LOW_POW?MAIN
  +--> ?PR?GET_GPS?A8900
  +--> ?CO?MAIN
  +--> ?PR?_SECOND_AT_COMMAND1?A8900
  +--> ?PR?GET_IMEI?A8900
  +--> ?PR?GET_VOLTAGE?A8900
  +--> ?PR?GET_CCID?A8900
  +--> ?PR?WAIT_CREG?A8900
BL51 BANKED LINKER/LOCATER V6.22                                                      12/19/2017  08:58:32  PAGE 5


  +--> ?PR?GET_CSQ?A8900
  +--> ?PR?CONNECT_SERVER_TEST?A8900
  +--> ?PR?REC_SERVER_DATA?A8900
  +--> ?PR?SAVE_EEPROM?A8900
  +--> ?PR?SEND_ANSWER?A8900
  +--> ?PR?IN_LOW_POW?MAIN
  +--> ?PR?LOW_PW_RTC?MAIN

?PR?GPIO_CONFIG?GPIO                  -----    -----      -----    -----      06E8H    0002H
  +--> ?PR?GPIO
  +--> ?PR?_GPIO_INILIZE?GPIO

?PR?_GPIO_INILIZE?GPIO                -----    -----      -----    -----      -----    -----
  +--> ?PR?GPIO

?PR?UART2INIT?UART                    -----    -----      -----    -----      06E8H    0002H
  +--> ?PR?_GPIO_INILIZE?GPIO

?PR?_IAPREADBUF?EEPROM                -----    -----      -----    -----      06E8H    0007H
  +--> ?PR?_IAPREAD?EEPROM

?PR?_IAPREAD?EEPROM                   -----    -----      -----    -----      -----    -----
  +--> ?PR?EEPROM
  +--> ?PR?IAPIDLE?EEPROM

?PR?LOADPARAM?A8900                   -----    -----      -----    -----      -----    -----
  +--> ?PR?A8900

?PR?A8900                             -----    -----      -----    -----      -----    -----
  +--> ?CO?A8900

?PR?LOWPOWER?MAIN                     -----    -----      -----    -----      06EAH    0004H

?PR?OUT_LOW_POW?MAIN                  -----    -----      -----    -----      -----    -----
  +--> ?PR?UART1INIT?UART
  +--> ?PR?UART2INIT?UART
  +--> ?PR?_DELAY_MS?DELAY

?PR?GET_GPS?A8900                     -----    -----      -----    -----      06E9H    0001H
  +--> ?CO?A8900
  +--> ?PR?A8900
  +--> ?PR?_FIND_STRING?A8900
  +--> ?PR?_STRSTR?STRSTR
  +--> ?PR?CLR_BUF2?UART
  +--> ?PR?_GPS_ANALYSIS?GPS
  +--> ?PR?_UART2_SENDSTRING?UART
  +--> ?PR?_UART2_SENDDATA?UART

?PR?_FIND_STRING?A8900                -----    -----      -----    -----      0720H    000BH
  +--> ?PR?A8900

?PR?_STRSTR?STRSTR                    -----    -----      -----    -----      072DH    000CH

?PR?_GPS_ANALYSIS?GPS                 -----    -----      -----    -----      06EAH    0006H
  +--> ?PR?GPS
  +--> ?PR?_NMEA_GPGGA_ANALYSIS?GPS
  +--> ?PR?_NMEA_GPRMC_ANALYSIS?GPS
BL51 BANKED LINKER/LOCATER V6.22                                                      12/19/2017  08:58:32  PAGE 6



?PR?_NMEA_GPGGA_ANALYSIS?GPS          -----    -----      -----    -----      06F0H    000AH
  +--> ?CO?GPS
  +--> ?PR?_STRSTR?STRSTR
  +--> ?PR?GPS
  +--> ?PR?_NMEA_COMMA_POS?GPS
  +--> ?PR?_NMEA_STRBUF?GPS

?PR?_NMEA_COMMA_POS?GPS               -----    -----      -----    -----      0720H    0006H

?PR?_NMEA_STRBUF?GPS                  -----    -----      -----    -----      0720H    0009H
  +--> ?PR?GPS

?PR?_NMEA_GPRMC_ANALYSIS?GPS          -----    -----      -----    -----      06F0H    000BH
  +--> ?CO?GPS
  +--> ?PR?_STRSTR?STRSTR
  +--> ?PR?GPS
  +--> ?PR?_NMEA_STRBUF?GPS
  +--> ?PR?GET_RTC?MAIN
  +--> ?PR?_NMEA_COMMA_POS?GPS

?PR?GET_RTC?MAIN                      -----    -----      -----    -----      06FBH    0002H
  +--> ?PR?MAIN

?PR?_UART2_SENDSTRING?UART            -----    -----      -----    -----      072DH    0003H
  +--> ?PR?UART
  +--> ?PR?_UART2_SENDDATA?UART

?PR?_SECOND_AT_COMMAND1?A8900         -----    -----      -----    -----      0720H    000DH
  +--> ?PR?_UART2_SENDSTRING?UART
  +--> ?PR?_UART2_SENDDATA?UART
  +--> ?PR?A8900
  +--> ?PR?_STRSTR?STRSTR
  +--> ?PR?CLR_BUF2?UART

?PR?GET_IMEI?A8900                    -----    -----      -----    -----      06E8H    0001H
  +--> ?PR?CLR_BUF2?UART
  +--> ?CO?A8900
  +--> ?PR?_UART2_SENDSTRING?UART
  +--> ?PR?_UART2_SENDDATA?UART
  +--> ?PR?_DELAY_MS?DELAY

?PR?GET_VOLTAGE?A8900                 -----    -----      -----    -----      06E9H    0004H
  +--> ?PR?A8900
  +--> ?PR?_STRSTR?STRSTR
  +--> ?PR?CLR_BUF2?UART
  +--> ?CO?A8900
  +--> ?PR?_UART2_SENDSTRING?UART
  +--> ?PR?_UART2_SENDDATA?UART
  +--> ?PR?_FIND_STRING?A8900

?PR?GET_CCID?A8900                    -----    -----      -----    -----      06E8H    0001H
  +--> ?PR?CLR_BUF2?UART
  +--> ?CO?A8900
  +--> ?PR?_UART2_SENDSTRING?UART
  +--> ?PR?_UART2_SENDDATA?UART
  +--> ?PR?A8900
BL51 BANKED LINKER/LOCATER V6.22                                                      12/19/2017  08:58:32  PAGE 7


  +--> ?PR?_FIND_STRING?A8900
  +--> ?PR?_DELAY_MS?DELAY

?PR?WAIT_CREG?A8900                   -----    -----      -----    -----      06E8H    0001H
  +--> ?PR?CLR_BUF2?UART
  +--> ?CO?A8900
  +--> ?PR?_UART2_SENDSTRING?UART
  +--> ?PR?_UART2_SENDDATA?UART
  +--> ?PR?_DELAY_MS?DELAY
  +--> ?PR?A8900

?PR?GET_CSQ?A8900                     -----    -----      -----    -----      06E9H    0001H
  +--> ?PR?A8900
  +--> ?PR?_STRSTR?STRSTR
  +--> ?PR?CLR_BUF2?UART
  +--> ?CO?A8900
  +--> ?PR?_UART2_SENDSTRING?UART
  +--> ?PR?_UART2_SENDDATA?UART
  +--> ?PR?_FIND_STRING?A8900

?PR?CONNECT_SERVER_TEST?A8900         -----    -----      -----    -----      06E8H    0032H
  +--> ?CO?A8900
  +--> ?PR?_UART2_SENDSTRING?UART
  +--> ?PR?_UART2_SENDDATA?UART
  +--> ?PR?_DELAY_MS?DELAY
  +--> ?PR?A8900
  +--> ?PR?PRINTF?PRINTF
  +--> ?PR?_SECOND_AT_COMMAND1?A8900
  +--> ?PR?GETSTATIONADD?A8900
  +--> ?PR?SEND_LOGIN?A8900
  +--> ?PR?_IAPPROGRAMBUF?EEPROM

?PR?PRINTF?PRINTF                     0021H.0  0001H.1    0010H    0005H      071AH    0028H
  +--> ?PR?PUTCHAR?PUTCHAR

?PR?GETSTATIONADD?A8900               -----    -----      -----    -----      071AH    0006H
  +--> ?PR?A8900
  +--> ?PR?_SECOND_AT_COMMAND1?A8900
  +--> ?CO?A8900
  +--> ?PR?_FIND_STRING?A8900
  +--> ?PR?_STRSTR?STRSTR
  +--> ?PR?_NMEA_STRBUF?GPS
  +--> ?PR?_NMEA_COMMA_POS?GPS
  +--> ?PR?CLR_BUF2?UART

?PR?SEND_LOGIN?A8900                  -----    -----      -----    -----      -----    -----
  +--> ?PR?A8900
  +--> ?CO?A8900
  +--> ?PR?_SECOND_AT_COMMAND1?A8900
  +--> ?PR?_UART2_SEND_LEN?UART
  +--> ?PR?_UART2_SENDDATA?UART
  +--> ?PR?_DELAY_MS?DELAY

?PR?_UART2_SEND_LEN?UART              -----    -----      -----    -----      071AH    0004H
  +--> ?PR?UART
  +--> ?PR?_UART2_SENDDATA?UART

BL51 BANKED LINKER/LOCATER V6.22                                                      12/19/2017  08:58:32  PAGE 8


?PR?_IAPPROGRAMBUF?EEPROM             -----    -----      -----    -----      071AH    0007H
  +--> ?PR?_IAPERASE?EEPROM
  +--> ?PR?_IAPPROGRAM?EEPROM

?PR?_IAPERASE?EEPROM                  -----    -----      -----    -----      -----    -----
  +--> ?PR?EEPROM
  +--> ?PR?IAPIDLE?EEPROM

?PR?_IAPPROGRAM?EEPROM                -----    -----      -----    -----      -----    -----
  +--> ?PR?EEPROM
  +--> ?PR?IAPIDLE?EEPROM

?PR?REC_SERVER_DATA?A8900             -----    -----      -----    -----      -----    -----
  +--> ?PR?A8900
  +--> ?CO?A8900
  +--> ?PR?_FIND_STRING?A8900
  +--> ?PR?_IAPPROGRAMBUF?EEPROM
  +--> ?PR?SEND_ANSWERADDR?A8900
  +--> ?PR?GET_RTC?MAIN
  +--> ?PR?_ASC_TO_HEX?A8900
  +--> ?PR?CLR_BUF2?UART
  +--> ?PR?CONNECT_SERVER_TEST?A8900
  +--> ?PR?SEND_SIMNUM?A8900

?PR?SEND_ANSWERADDR?A8900             -----    -----      -----    -----      -----    -----
  +--> ?PR?GET_GPS?A8900
  +--> ?PR?GPS_ADDR?A8900
  +--> ?PR?GETSTATIONADD?A8900
  +--> ?PR?BASESTATIONADDR?A8900

?PR?GPS_ADDR?A8900                    -----    -----      -----    -----      -----    -----
  +--> ?PR?A8900
  +--> ?CO?A8900
  +--> ?PR?_SECOND_AT_COMMAND1?A8900
  +--> ?PR?GETSTATIONADD?A8900
  +--> ?PR?_UART2_SEND_LEN?UART
  +--> ?PR?_UART2_SENDDATA?UART

?PR?BASESTATIONADDR?A8900             -----    -----      -----    -----      -----    -----
  +--> ?PR?A8900
  +--> ?CO?A8900
  +--> ?PR?_SECOND_AT_COMMAND1?A8900
  +--> ?PR?_UART2_SEND_LEN?UART
  +--> ?PR?_UART2_SENDDATA?UART

?PR?_ASC_TO_HEX?A8900                 -----    -----      -----    -----      06E8H    0009H
  +--> ?PR?A8900

?PR?SEND_SIMNUM?A8900                 -----    -----      -----    -----      -----    -----
  +--> ?PR?A8900
  +--> ?CO?A8900
  +--> ?PR?_SECOND_AT_COMMAND1?A8900
  +--> ?PR?_UART2_SEND_LEN?UART
  +--> ?PR?_UART2_SENDDATA?UART

?PR?SAVE_EEPROM?A8900                 -----    -----      -----    -----      -----    -----
  +--> ?PR?A8900
BL51 BANKED LINKER/LOCATER V6.22                                                      12/19/2017  08:58:32  PAGE 9


  +--> ?PR?_IAPPROGRAMBUF?EEPROM

?PR?SEND_ANSWER?A8900                 -----    -----      -----    -----      06E8H    0001H
  +--> ?PR?A8900
  +--> ?CO?A8900
  +--> ?PR?_SECOND_AT_COMMAND1?A8900
  +--> ?PR?_UART2_SEND_LEN?UART
  +--> ?PR?_UART2_SENDDATA?UART
  +--> ?PR?_DELAY_MS?DELAY
  +--> ?PR?SEND_ANSWERADDR?A8900
  +--> ?PR?CLR_BUF2?UART
  +--> ?PR?SEND_HEART?A8900
  +--> ?PR?SEND_SIMNUM?A8900
  +--> ?PR?GET_RTC?MAIN
  +--> ?PR?_UART2_SENDSTRING?UART
  +--> ?PR?_STRSTR?STRSTR

?PR?SEND_HEART?A8900                  -----    -----      -----    -----      -----    -----
  +--> ?PR?GET_VOLTAGE?A8900
  +--> ?PR?GET_CSQ?A8900
  +--> ?PR?A8900
  +--> ?CO?A8900
  +--> ?PR?_SECOND_AT_COMMAND1?A8900
  +--> ?PR?_UART2_SEND_LEN?UART
  +--> ?PR?_UART2_SENDDATA?UART

?PR?IN_LOW_POW?MAIN                   -----    -----      -----    -----      06E8H    0002H
  +--> ?PR?_GPIO_INILIZE?GPIO
  +--> ?PR?LOWPOWER?MAIN

?PR?LOW_PW_RTC?MAIN                   -----    -----      -----    -----      -----    -----
  +--> ?PR?GET_RTC?MAIN



SYMBOL TABLE OF MODULE:  .\Output\51A8900 (MAIN)

  VALUE           TYPE          NAME
  ----------------------------------

  -------         MODULE        MAIN
  C:0000H         SYMBOL        _ICE_DUMMY_
  B:00B0H.0       PUBLIC        RXD_0
  D:0080H         PUBLIC        P0
  B:0090H.0       PUBLIC        RXD_2
  B:00B0H.1       PUBLIC        TXD_0
  D:0090H         PUBLIC        P1
  D:00A0H         PUBLIC        P2
  B:0090H.1       PUBLIC        TXD_2
  D:00B0H         PUBLIC        P3
  D:00ABH         PUBLIC        WKTCH
  C:2E2DH         PUBLIC        Timer0_ISR
  D:00C0H         PUBLIC        P4
  D:00C8H         PUBLIC        P5
  B:00A8H.7       PUBLIC        EA
  D:00AAH         PUBLIC        WKTCL
  B:00B0H.6       PUBLIC        X1
BL51 BANKED LINKER/LOCATER V6.22                                                      12/19/2017  08:58:32  PAGE 10


  B:00B0H.5       PUBLIC        X2
  B:00B0H.4       PUBLIC        X3
  B:0090H.6       PUBLIC        RUNING_LED
  D:00A8H         PUBLIC        IE
  X:0742H         PUBLIC        XiangYingFlag
  X:0743H         PUBLIC        Time
  D:00B8H         PUBLIC        IP
  C:0046H         PUBLIC        In_LOW_Pow
  D:00D8H         PUBLIC        CCON
  C:370CH         PUBLIC        Out_LOW_Pow
  C:1F8AH         PUBLIC        main
  X:074AH         PUBLIC        LedFreq
  X:074BH         PUBLIC        GuZhang_Start
  X:074CH         PUBLIC        GuZhang_Time
  B:00C8H.5       PUBLIC        GPRS_EN
  D:0087H         PUBLIC        PCON
  X:074DH         PUBLIC        Fwt
  D:0098H         PUBLIC        SCON
  D:0089H         PUBLIC        TMOD
  D:0088H         PUBLIC        TCON
  X:0751H         PUBLIC        LedCnt
  X:0753H         PUBLIC        GuZhang_Cnt
  D:00AFH         PUBLIC        IE2
  D:00F0H         PUBLIC        B
  D:008EH         PUBLIC        AUXR
  B:00C8H.4       PUBLIC        GSM_RST
  C:3989H         PUBLIC        LowPower
  D:00E0H         PUBLIC        ACC
  B:00B0H.7       PUBLIC        ADC
  B:00A8H.1       PUBLIC        ET0
  B:00A8H.3       PUBLIC        ET1
  B:0088H.5       PUBLIC        TF0
  C:3B51H         PUBLIC        Timer0Init
  D:008CH         PUBLIC        TH0
  B:00A8H.0       PUBLIC        EX0
  B:00A8H.2       PUBLIC        EX1
  B:0088H.2       PUBLIC        IT1
  X:0754H         PUBLIC        InterruptFlag
  D:008AH         PUBLIC        TL0
  X:0755H         PUBLIC        BuBaoJing
  B:0088H.4       PUBLIC        TR0
  D:00C1H         PUBLIC        WDT_CONTR
  D:00D1H         PUBLIC        T4T3M
  X:0756H         PUBLIC        Time_UART1
  X:0757H         PUBLIC        UART2_Start
  X:0759H         PUBLIC        Time_UART2
  B:0090H.7       PUBLIC        POWKEY
  C:3896H         PUBLIC        Low_Pw_Rtc
  C:19F9H         PUBLIC        Get_RTC
  D:00D0H         PUBLIC        PSW
  C:39C0H         SYMBOL        Com005C
  C:39C0H         SYMBOL        L?0093
  C:39C0H         SYMBOL        L?0094
  C:39D3H         SYMBOL        L?0095
  C:39E0H         SYMBOL        L?0097
  C:39E0H         SYMBOL        L?0098
  C:39E7H         SYMBOL        L?0099
BL51 BANKED LINKER/LOCATER V6.22                                                      12/19/2017  08:58:32  PAGE 11


  -------         PROC          COM005C
  -------         ENDPROC       COM005C
  -------         PROC          LOWPOWER
  -------         DO            
  X:06EAH         SYMBOL        i
  -------         ENDDO         
  C:3989H         LINE#         66
  C:3989H         LINE#         67
  C:3989H         LINE#         69
  C:39A7H         LINE#         71
  C:39AFH         LINE#         72
  C:39BFH         LINE#         73
  -------         ENDPROC       LOWPOWER
  -------         PROC          IN_LOW_POW
  -------         DO            
  X:06E8H         SYMBOL        GPIO_InitStructure
  -------         ENDDO         
  C:0046H         LINE#         75
  C:0046H         LINE#         76
  C:0046H         LINE#         78
  C:004CH         LINE#         79
  C:0052H         LINE#         80
  C:005DH         LINE#         82
  C:005FH         LINE#         83
  C:0061H         LINE#         84
  C:0063H         LINE#         86
  C:0065H         LINE#         87
  C:0067H         LINE#         89
  C:006AH         LINE#         90
  C:006DH         LINE#         92
  C:0070H         LINE#         93
  C:0072H         LINE#         94
  C:007AH         LINE#         95
  C:007FH         LINE#         97
  C:0087H         LINE#         98
  C:0087H         LINE#         99
  C:0089H         LINE#         100
  C:008BH         LINE#         101
  C:008DH         LINE#         103
  C:008DH         LINE#         104
  C:008FH         LINE#         105
  C:0091H         LINE#         106
  C:0091H         LINE#         107
  C:0095H         LINE#         108
  C:0095H         LINE#         109
  C:0097H         LINE#         110
  C:0098H         LINE#         112
  C:0098H         LINE#         113
  C:009AH         LINE#         114
  C:009AH         LINE#         115
  -------         ENDPROC       IN_LOW_POW
  -------         PROC          OUT_LOW_POW
  C:370CH         LINE#         117
  C:370CH         LINE#         118
  C:370CH         LINE#         120
  C:370FH         LINE#         121
  C:3712H         LINE#         123
BL51 BANKED LINKER/LOCATER V6.22                                                      12/19/2017  08:58:32  PAGE 12


  C:3714H         LINE#         124
  C:3716H         LINE#         125
  C:3719H         LINE#         126
  C:371CH         LINE#         128
  C:371EH         LINE#         129
  C:3720H         LINE#         131
  C:3722H         LINE#         132
  C:372CH         LINE#         133
  C:3731H         LINE#         134
  C:3735H         LINE#         135
  C:373FH         LINE#         136
  C:3749H         LINE#         137
  C:374FH         LINE#         138
  C:3751H         LINE#         139
  C:3758H         LINE#         140
  C:375AH         LINE#         141
  -------         ENDPROC       OUT_LOW_POW
  -------         PROC          LOW_PW_RTC
  C:3896H         LINE#         144
  C:3896H         LINE#         145
  C:3896H         LINE#         146
  C:3899H         LINE#         147
  C:38D0H         LINE#         148
  C:38D2H         LINE#         149
  -------         ENDPROC       LOW_PW_RTC
  C:210EH         SYMBOL        L?0096
  -------         PROC          MAIN
  C:1F8AH         LINE#         162
  C:1F8AH         LINE#         163
  C:1F8AH         LINE#         164
  C:1F91H         LINE#         165
  C:1F94H         LINE#         166
  C:1F97H         LINE#         167
  C:1F9AH         LINE#         168
  C:1F9DH         LINE#         169
  C:1FA0H         LINE#         170
  C:1FA3H         LINE#         171
  C:1FA6H         LINE#         172
  C:1FA9H         LINE#         173
  C:1FB7H         LINE#         174
  C:1FB9H         LINE#         175
  C:1FBBH         LINE#         176
  C:1FBDH         LINE#         177
  C:1FC9H         LINE#         178
  C:1FCCH         LINE#         180
  C:1FDFH         LINE#         182
  C:1FE2H         LINE#         183
  C:1FE8H         LINE#         184
  C:1FEAH         LINE#         185
  C:1FEDH         LINE#         187
  C:1FEDH         LINE#         188
  C:1FEDH         LINE#         189
  C:200AH         LINE#         190
  C:200AH         LINE#         191
  C:200AH         LINE#         192
  C:200DH         LINE#         193
  C:2014H         LINE#         194
BL51 BANKED LINKER/LOCATER V6.22                                                      12/19/2017  08:58:32  PAGE 13


  C:2014H         LINE#         195
  C:2017H         LINE#         197
  C:2017H         LINE#         198
  C:2021H         LINE#         199
  C:2026H         LINE#         200
  C:2030H         LINE#         201
  C:2037H         LINE#         202
  C:203DH         LINE#         203
  C:203DH         LINE#         204
  C:2044H         LINE#         205
  C:2051H         LINE#         206
  C:2057H         LINE#         207
  C:2057H         LINE#         208
  C:2061H         LINE#         209
  C:2066H         LINE#         210
  C:2069H         LINE#         211
  C:206BH         LINE#         212
  C:206BH         LINE#         213
  C:2075H         LINE#         214
  C:2078H         LINE#         215
  C:2078H         LINE#         216
  C:207BH         LINE#         217
  C:2082H         LINE#         218
  C:2088H         LINE#         219
  C:208DH         LINE#         220
  C:209EH         LINE#         221
  C:20A6H         LINE#         222
  C:20A9H         LINE#         223
  C:20ACH         LINE#         224
  C:20AFH         LINE#         226
  C:20B6H         LINE#         227
  C:20B6H         LINE#         228
  C:20BCH         LINE#         229
  C:20BCH         LINE#         230
  C:20C2H         LINE#         231
  C:20C5H         LINE#         232
  C:20C8H         LINE#         233
  C:20CAH         LINE#         235
  C:20CAH         LINE#         236
  C:20D4H         LINE#         237
  C:20D4H         LINE#         238
  C:20D4H         LINE#         239
  C:20D6H         LINE#         241
  C:20D6H         LINE#         242
  C:20E0H         LINE#         243
  C:20E6H         LINE#         244
  C:20E6H         LINE#         245
  C:20E8H         LINE#         247
  C:20E8H         LINE#         249
  C:20EBH         LINE#         250
  C:20EEH         LINE#         251
  C:20F1H         LINE#         264
  C:20F1H         LINE#         265
  C:20F1H         LINE#         266
  C:20F1H         LINE#         267
  C:20F1H         LINE#         269
  C:2102H         LINE#         270
BL51 BANKED LINKER/LOCATER V6.22                                                      12/19/2017  08:58:32  PAGE 14


  C:2102H         LINE#         271
  C:2105H         LINE#         272
  C:2108H         LINE#         273
  C:2108H         LINE#         274
  C:210BH         LINE#         275
  C:210EH         LINE#         276
  -------         ENDPROC       MAIN
  -------         PROC          TIMER0_ISR
  C:2E2DH         LINE#         300
  C:2E3EH         LINE#         302
  C:2E40H         LINE#         303
  C:2E46H         LINE#         304
  C:2E5DH         LINE#         305
  C:2E5DH         LINE#         306
  C:2E5FH         LINE#         307
  C:2E63H         LINE#         308
  C:2E63H         LINE#         310
  C:2E6DH         LINE#         311
  C:2E6DH         LINE#         312
  C:2E73H         LINE#         313
  C:2E82H         LINE#         314
  C:2E82H         LINE#         315
  C:2E88H         LINE#         316
  C:2E88H         LINE#         317
  C:2E88H         LINE#         319
  C:2E8EH         LINE#         320
  C:2E8EH         LINE#         321
  C:2E94H         LINE#         322
  C:2E99H         LINE#         323
  C:2EA2H         LINE#         324
  C:2EA2H         LINE#         325
  C:2EA8H         LINE#         326
  C:2EADH         LINE#         327
  C:2EB1H         LINE#         328
  C:2EB1H         LINE#         329
  C:2EB1H         LINE#         331
  C:2EB4H         LINE#         332
  C:2EBAH         LINE#         333
  C:2ED3H         LINE#         334
  C:2ED3H         LINE#         335
  C:2ED5H         LINE#         336
  C:2ED7H         LINE#         337
  C:2ED7H         LINE#         338
  C:2ED9H         LINE#         339
  -------         ENDPROC       TIMER0_ISR
  -------         PROC          TIMER0INIT
  C:3B51H         LINE#         349
  C:3B51H         LINE#         350
  C:3B51H         LINE#         351
  C:3B54H         LINE#         352
  C:3B57H         LINE#         353
  C:3B5AH         LINE#         354
  C:3B5DH         LINE#         355
  C:3B5FH         LINE#         357
  C:3B61H         LINE#         358
  C:3B63H         LINE#         359
  -------         ENDPROC       TIMER0INIT
BL51 BANKED LINKER/LOCATER V6.22                                                      12/19/2017  08:58:32  PAGE 15


  -------         PROC          GET_RTC
  -------         DO            
  D:0002H         SYMBOL        k
  X:06FBH         SYMBOL        temp
  -------         ENDDO         
  C:19F9H         LINE#         362
  C:19F9H         LINE#         363
  C:19F9H         LINE#         367
  C:1A08H         LINE#         368
  C:1A08H         LINE#         369
  C:1A0DH         LINE#         370
  C:1A0FH         LINE#         371
  C:1A1BH         LINE#         372
  C:1A1BH         LINE#         373
  C:1A22H         LINE#         374
  C:1A2DH         LINE#         375
  C:1A2DH         LINE#         376
  C:1A33H         LINE#         377
  C:1A39H         LINE#         378
  C:1A39H         LINE#         379
  C:1A3FH         LINE#         380
  C:1A44H         LINE#         381
  C:1A44H         LINE#         382
  C:1A44H         LINE#         383
  C:1A4EH         LINE#         384
  C:1A4EH         LINE#         385
  C:1A54H         LINE#         386
  C:1A54H         LINE#         387
  C:1A54H         LINE#         389
  C:1A69H         LINE#         390
  C:1A7EH         LINE#         391
  C:1A93H         LINE#         393
  C:1AC2H         LINE#         394
  C:1AC2H         LINE#         395
  C:1AC2H         LINE#         396
  C:1AC2H         LINE#         397
  C:1AC2H         LINE#         398
  C:1AC2H         LINE#         399
  C:1AC2H         LINE#         400
  C:1AC2H         LINE#         401
  C:1ACBH         LINE#         402
  C:1ACBH         LINE#         403
  C:1ACBH         LINE#         404
  C:1ACBH         LINE#         405
  C:1ACDH         LINE#         406
  C:1ACDH         LINE#         407
  C:1ACDH         LINE#         408
  C:1ACDH         LINE#         409
  C:1AD6H         LINE#         410
  C:1AD6H         LINE#         411
  C:1AD6H         LINE#         412
  C:1AD6H         LINE#         413
  C:1AD8H         LINE#         414
  C:1AE0H         LINE#         415
  C:1AE0H         LINE#         416
  C:1AE9H         LINE#         417
  C:1AE9H         LINE#         418
BL51 BANKED LINKER/LOCATER V6.22                                                      12/19/2017  08:58:32  PAGE 16


  C:1AE9H         LINE#         419
  C:1AE9H         LINE#         420
  C:1AE9H         LINE#         421
  C:1AEBH         LINE#         423
  C:1AEBH         LINE#         424
  C:1AF4H         LINE#         425
  C:1AF4H         LINE#         426
  C:1AF7H         LINE#         427
  C:1AFDH         LINE#         428
  C:1AFDH         LINE#         429
  C:1AFDH         LINE#         430
  C:1AFDH         LINE#         431
  C:1AFDH         LINE#         433
  C:1B06H         LINE#         434
  C:1B06H         LINE#         435
  C:1B09H         LINE#         436
  C:1B0FH         LINE#         437
  C:1B0FH         LINE#         439
  C:1B1AH         LINE#         440
  C:1B1AH         LINE#         441
  C:1B20H         LINE#         442
  C:1B20H         LINE#         443
  C:1B26H         LINE#         444
  C:1B28H         LINE#         445
  C:1B2EH         LINE#         446
  C:1B2EH         LINE#         447
  C:1B5DH         LINE#         448
  C:1B5FH         LINE#         450
  C:1B5FH         LINE#         451
  C:1B6DH         LINE#         452
  C:1B6DH         LINE#         453
  C:1B71H         LINE#         454
  C:1B73H         LINE#         456
  C:1B73H         LINE#         457
  C:1B89H         LINE#         458
  C:1B89H         LINE#         459
  C:1B89H         LINE#         461
  C:1B99H         LINE#         462
  C:1B99H         LINE#         463
  C:1BB4H         LINE#         464
  C:1BB4H         LINE#         465
  C:1BBAH         LINE#         466
  C:1BC4H         LINE#         467
  C:1BC4H         LINE#         468
  C:1BCBH         LINE#         469
  C:1BEAH         LINE#         470
  C:1BEAH         LINE#         471
  C:1BEFH         LINE#         472
  C:1BF9H         LINE#         473
  C:1BF9H         LINE#         474
  C:1BF9H         LINE#         475
  -------         ENDPROC       GET_RTC
  -------         ENDMOD        MAIN

  -------         MODULE        A8900
  C:0000H         SYMBOL        _ICE_DUMMY_
  D:0080H         PUBLIC        P0
BL51 BANKED LINKER/LOCATER V6.22                                                      12/19/2017  08:58:32  PAGE 17


  D:0090H         PUBLIC        P1
  C:27E9H         PUBLIC        BaseStationADDR
  D:00A0H         PUBLIC        P2
  D:00B0H         PUBLIC        P3
  D:00C0H         PUBLIC        P4
  X:052DH         PUBLIC        Times
  D:00C8H         PUBLIC        P5
  D:00A8H         PUBLIC        IE
  X:052EH         PUBLIC        PramFlag
  C:258CH         PUBLIC        GetStationAdd
  X:052FH         PUBLIC        Heartbeat
  C:30FEH         PUBLIC        Get_CCID
  D:00B8H         PUBLIC        IP
  C:362DH         PUBLIC        Wait_CREG
  X:0533H         PUBLIC        Time_wake
  D:00D8H         PUBLIC        CCON
  X:0537H         PUBLIC        EEPROM_Data
  C:3532H         PUBLIC        Get_IMEI
  C:31AAH         PUBLIC        _Second_AT_Command1
  C:1DF5H         PUBLIC        Connect_Server_Test
  D:0098H         PUBLIC        SCON
  D:0088H         PUBLIC        TCON
  C:3A64H         PUBLIC        Save_EEPROM
  X:0569H         PUBLIC        S_Point
  D:00AFH         PUBLIC        IE2
  X:056AH         PUBLIC        HuiChuanCnt
  D:00F0H         PUBLIC        B
  C:2EE8H         PUBLIC        _Asc_To_Hex
  D:00C7H         PUBLIC        IAP_CONTR
  X:056EH         PUBLIC        gpsx
  B:0020H.0       PUBLIC        Timer0_start
  D:00E0H         PUBLIC        ACC
  C:35B3H         PUBLIC        Send_SimNum
  B:00A8H.0       PUBLIC        EX0
  B:00A8H.2       PUBLIC        EX1
  B:0088H.2       PUBLIC        IT1
  C:00A6H         PUBLIC        Rec_Server_Data
  C:28F4H         PUBLIC        Get_Voltage
  D:00C1H         PUBLIC        WDT_CONTR
  X:0587H         PUBLIC        QieHuanSer
  X:0589H         PUBLIC        Buffer
  C:2FA2H         PUBLIC        _Find_String
  C:211BH         PUBLIC        Send_Answer
  X:060BH         PUBLIC        RemoveAlarm
  C:32F4H         PUBLIC        Send_Heart
  C:144FH         PUBLIC        GPS_ADDR
  C:2BC5H         PUBLIC        Send_Login
  X:060CH         PUBLIC        Module
  C:341EH         PUBLIC        Get_CSQ
  X:06B2H         PUBLIC        shijian
  C:3255H         PUBLIC        Get_GPS
  X:06B3H         PUBLIC        Heart_beat
  C:2422H         PUBLIC        LoadParam
  D:00D0H         PUBLIC        PSW
  D:0020H         PUBLIC        Flag
  X:06B4H         PUBLIC        FactData
  C:3B64H         PUBLIC        Send_AnswerADDR
BL51 BANKED LINKER/LOCATER V6.22                                                      12/19/2017  08:58:32  PAGE 18


  C:0871H         SYMBOL        Com0125
  C:0871H         SYMBOL        L?0294
  C:0871H         SYMBOL        L?0295
  C:0873H         SYMBOL        L?0296
  C:0885H         SYMBOL        L?0297
  C:0889H         SYMBOL        L?0298
  C:088BH         SYMBOL        L?0299
  C:0892H         SYMBOL        L?0300
  C:0892H         SYMBOL        L?0301
  C:08A1H         SYMBOL        L?0302
  C:08A4H         SYMBOL        L?0303
  C:08C8H         SYMBOL        L?0304
  C:08CBH         SYMBOL        L?0305
  C:08CFH         SYMBOL        L?0306
  C:08D6H         SYMBOL        L?0307
  C:08D6H         SYMBOL        L?0308
  C:08D7H         SYMBOL        L?0309
  C:08E0H         SYMBOL        L?0310
  C:08E2H         SYMBOL        L?0311
  C:08EFH         SYMBOL        L?0312
  C:08F3H         SYMBOL        L?0313
  C:08FAH         SYMBOL        L?0314
  C:0906H         SYMBOL        L?0315
  C:098FH         SYMBOL        L?0316
  C:09AFH         SYMBOL        L?0317
  C:09B3H         SYMBOL        L?0318
  C:09B5H         SYMBOL        L?0319
  C:09BCH         SYMBOL        L?0320
  C:09C2H         SYMBOL        L?0321
  C:09C4H         SYMBOL        L?0322
  C:09CAH         SYMBOL        L?0323
  C:09D4H         SYMBOL        L?0324
  C:09D4H         SYMBOL        L?0325
  C:09DCH         SYMBOL        L?0326
  C:09F4H         SYMBOL        L?0327
  C:09F4H         SYMBOL        L?0328
  C:09F7H         SYMBOL        L?0329
  C:0A0DH         SYMBOL        L?0330
  C:0A0DH         SYMBOL        L?0331
  C:0A25H         SYMBOL        L?0332
  C:0A28H         SYMBOL        L?0333
  C:0A2BH         SYMBOL        L?0334
  C:0A2EH         SYMBOL        L?0335
  C:0A37H         SYMBOL        L?0336
  C:0A3AH         SYMBOL        L?0337
  C:0A3EH         SYMBOL        L?0338
  C:0A40H         SYMBOL        L?0339
  C:0A49H         SYMBOL        L?0340
  C:0A49H         SYMBOL        L?0341
  C:0A52H         SYMBOL        L?0342
  C:0A6CH         SYMBOL        L?0343
  C:0A6CH         SYMBOL        L?0344
  C:0A70H         SYMBOL        L?0345
  C:0A7DH         SYMBOL        L?0346
  C:0A84H         SYMBOL        L?0347
  C:0A92H         SYMBOL        L?0348
  C:0A9BH         SYMBOL        L?0349
BL51 BANKED LINKER/LOCATER V6.22                                                      12/19/2017  08:58:32  PAGE 19


  C:0A9BH         SYMBOL        L?0350
  C:0AA9H         SYMBOL        L?0351
  C:0AAEH         SYMBOL        L?0352
  C:0AB4H         SYMBOL        L?0353
  C:0ABCH         SYMBOL        L?0354
  C:0ABDH         SYMBOL        L?0355
  C:0ABEH         SYMBOL        L?0356
  C:0AC6H         SYMBOL        L?0357
  C:0AC8H         SYMBOL        L?0358
  C:0ACFH         SYMBOL        L?0359
  C:0ACFH         SYMBOL        L?0360
  C:0AD8H         SYMBOL        L?0361
  C:0AE1H         SYMBOL        L?0362
  C:0AE3H         SYMBOL        L?0363
  C:0AF7H         SYMBOL        L?0364
  C:0AF7H         SYMBOL        L?0365
  C:0AFAH         SYMBOL        L?0366
  C:0B01H         SYMBOL        L?0367
  C:0B04H         SYMBOL        L?0368
  C:0B07H         SYMBOL        L?0369
  C:0B0EH         SYMBOL        L?0370
  C:0B0EH         SYMBOL        L?0371
  C:0B1CH         SYMBOL        L?0372
  C:0B26H         SYMBOL        L?0373
  C:0B34H         SYMBOL        L?0374
  C:0B3BH         SYMBOL        L?0375
  C:0B44H         SYMBOL        L?0376
  C:0B4AH         SYMBOL        L?0377
  C:0B4DH         SYMBOL        L?0378
  C:0B56H         SYMBOL        L?0379
  C:0B5AH         SYMBOL        L?0380
  C:0B63H         SYMBOL        L?0381
  C:0B6BH         SYMBOL        L?0382
  C:0B6CH         SYMBOL        L?0383
  C:0B76H         SYMBOL        L?0384
  C:0B76H         SYMBOL        L?0385
  C:0B7AH         SYMBOL        L?0386
  C:0B82H         SYMBOL        L?0387
  C:0B82H         SYMBOL        L?0388
  C:0B94H         SYMBOL        L?0389
  C:0BB3H         SYMBOL        L?0390
  C:0BB3H         SYMBOL        L?0391
  C:0BB5H         SYMBOL        L?0392
  C:0BBEH         SYMBOL        L?0393
  C:0BC4H         SYMBOL        L?0394
  C:0BC7H         SYMBOL        L?0395
  C:0BD0H         SYMBOL        L?0396
  C:0BD0H         SYMBOL        L?0397
  C:0BD2H         SYMBOL        L?0398
  C:0BDAH         SYMBOL        L?0399
  C:0BDBH         SYMBOL        L?0400
  C:0BDEH         SYMBOL        L?0401
  C:0BE6H         SYMBOL        L?0402
  C:0BE6H         SYMBOL        L?0403
  C:0BF2H         SYMBOL        L?0404
  C:0BF2H         SYMBOL        L?0405
  C:0C02H         SYMBOL        L?0406
BL51 BANKED LINKER/LOCATER V6.22                                                      12/19/2017  08:58:32  PAGE 20


  C:0C02H         SYMBOL        L?0407
  C:0C06H         SYMBOL        L?0408
  C:0C0DH         SYMBOL        L?0410
  C:0C11H         SYMBOL        L?0411
  C:0C1EH         SYMBOL        L?0412
  C:0C1EH         SYMBOL        L?0413
  C:0C2CH         SYMBOL        L?0414
  C:0C2CH         SYMBOL        L?0415
  C:0C34H         SYMBOL        L?0416
  C:0C3AH         SYMBOL        L?0417
  C:0C45H         SYMBOL        L?0418
  C:0C45H         SYMBOL        L?0419
  C:0C47H         SYMBOL        L?0420
  C:0C4FH         SYMBOL        L?0421
  C:0C4FH         SYMBOL        L?0422
  C:0C56H         SYMBOL        L?0423
  C:0C56H         SYMBOL        L?0424
  C:0C62H         SYMBOL        L?0426
  C:0C77H         SYMBOL        L?0427
  C:0C7DH         SYMBOL        L?0428
  C:0C7EH         SYMBOL        L?0429
  C:0C85H         SYMBOL        L?0430
  C:0C85H         SYMBOL        L?0431
  C:0C8DH         SYMBOL        L?0432
  C:0C91H         SYMBOL        L?0433
  C:0C9BH         SYMBOL        L?0435
  C:0CAEH         SYMBOL        L?0437
  C:0CB7H         SYMBOL        L?0438
  C:0CB7H         SYMBOL        L?0439
  C:0CC2H         SYMBOL        L?0440
  C:0CD3H         SYMBOL        L?0441
  C:0CD3H         SYMBOL        L?0442
  C:0CD5H         SYMBOL        L?0443
  C:0CDCH         SYMBOL        L?0444
  C:0CDCH         SYMBOL        L?0445
  C:0CE3H         SYMBOL        L?0446
  C:0CF3H         SYMBOL        L?0450
  C:0D01H         SYMBOL        L?0452
  C:0D08H         SYMBOL        L?0453
  C:0D15H         SYMBOL        L?0454
  C:0D22H         SYMBOL        L?0455
  C:0D22H         SYMBOL        L?0456
  C:0D29H         SYMBOL        L?0457
  C:0D29H         SYMBOL        L?0458
  C:0D30H         SYMBOL        L?0459
  C:0D30H         SYMBOL        L?0460
  C:0D38H         SYMBOL        L?0461
  C:0D3AH         SYMBOL        L?0462
  C:0D40H         SYMBOL        L?0463
  C:0D4BH         SYMBOL        L?0464
  C:0D57H         SYMBOL        L?0465
  C:0D63H         SYMBOL        L?0466
  C:0D63H         SYMBOL        L?0467
  C:0D6BH         SYMBOL        L?0468
  C:0D76H         SYMBOL        L?0469
  C:0D81H         SYMBOL        L?0470
  C:0D8BH         SYMBOL        L?0471
BL51 BANKED LINKER/LOCATER V6.22                                                      12/19/2017  08:58:32  PAGE 21


  C:0D96H         SYMBOL        L?0472
  C:0DA1H         SYMBOL        L?0473
  C:0DACH         SYMBOL        L?0475
  C:0DACH         SYMBOL        L?0476
  C:0DB3H         SYMBOL        L?0477
  C:0DBDH         SYMBOL        L?0478
  C:0DC7H         SYMBOL        L?0479
  C:0DD1H         SYMBOL        L?0480
  C:0DD1H         SYMBOL        L?0481
  -------         PROC          COM0125
  -------         ENDPROC       COM0125
  -------         PROC          LOADPARAM
  C:2422H         LINE#         91
  C:2422H         LINE#         92
  C:2422H         LINE#         94
  C:242AH         LINE#         95
  C:2432H         LINE#         96
  C:243AH         LINE#         97
  C:2442H         LINE#         98
  C:244EH         LINE#         99
  C:245AH         LINE#         100
  C:2462H         LINE#         101
  C:246AH         LINE#         102
  C:2476H         LINE#         103
  C:248EH         LINE#         104
  C:249BH         LINE#         105
  C:249BH         LINE#         106
  C:249EH         LINE#         107
  C:24A0H         LINE#         109
  C:24A0H         LINE#         110
  C:24ACH         LINE#         111
  C:24ACH         LINE#         113
  C:24B8H         LINE#         114
  C:24C4H         LINE#         116
  C:24D0H         LINE#         117
  C:24DDH         LINE#         118
  C:24DDH         LINE#         119
  C:24E6H         LINE#         120
  C:24E8H         LINE#         122
  C:24E8H         LINE#         123
  C:24F8H         LINE#         124
  C:24F8H         LINE#         126
  C:2500H         LINE#         127
  C:2508H         LINE#         129
  C:2514H         LINE#         130
  C:2519H         LINE#         131
  C:251BH         LINE#         133
  C:2522H         LINE#         134
  C:2522H         LINE#         135
  C:2524H         LINE#         136
  C:2526H         LINE#         137
  C:2528H         LINE#         139
  C:2528H         LINE#         140
  C:252AH         LINE#         141
  C:252CH         LINE#         142
  C:252CH         LINE#         143
  C:2533H         LINE#         144
BL51 BANKED LINKER/LOCATER V6.22                                                      12/19/2017  08:58:32  PAGE 22


  C:2533H         LINE#         145
  C:2535H         LINE#         146
  C:2537H         LINE#         148
  C:2537H         LINE#         149
  C:2539H         LINE#         150
  C:2539H         LINE#         152
  C:253DH         LINE#         154
  C:2543H         LINE#         156
  C:254AH         LINE#         157
  C:2550H         LINE#         158
  C:2555H         LINE#         159
  C:2559H         LINE#         160
  C:255DH         LINE#         161
  C:2561H         LINE#         162
  C:256BH         LINE#         163
  C:2575H         LINE#         164
  C:257AH         LINE#         165
  C:257CH         LINE#         166
  C:258BH         LINE#         167
  -------         ENDPROC       LOADPARAM
  -------         PROC          GET_VOLTAGE
  -------         DO            
  X:06E9H         SYMBOL        i
  X:06EBH         SYMBOL        j
  -------         ENDDO         
  C:28F4H         LINE#         178
  C:28F4H         LINE#         179
  C:28F4H         LINE#         180
  C:2903H         LINE#         181
  C:2906H         LINE#         182
  C:290BH         LINE#         183
  C:2914H         LINE#         184
  C:291EH         LINE#         186
  C:2924H         LINE#         187
  C:292AH         LINE#         189
  C:293CH         LINE#         190
  C:293CH         LINE#         192
  C:2974H         LINE#         193
  C:298BH         LINE#         194
  C:2995H         LINE#         195
  C:2995H         LINE#         196
  C:299AH         LINE#         197
  C:299AH         LINE#         198
  C:299AH         LINE#         199
  C:299CH         LINE#         200
  C:29A7H         LINE#         201
  C:29A7H         LINE#         202
  C:29ADH         LINE#         203
  C:29AFH         LINE#         204
  C:29B1H         LINE#         205
  C:29B3H         LINE#         207
  C:29B3H         LINE#         208
  C:29C2H         LINE#         209
  C:29CDH         LINE#         210
  C:29DCH         LINE#         211
  C:29DCH         LINE#         212
  C:29E3H         LINE#         213
BL51 BANKED LINKER/LOCATER V6.22                                                      12/19/2017  08:58:32  PAGE 23


  C:29F4H         LINE#         214
  C:29F4H         LINE#         215
  C:29FBH         LINE#         216
  C:29FBH         LINE#         217
  C:29FBH         LINE#         218
  -------         ENDPROC       GET_VOLTAGE
  -------         PROC          GET_CSQ
  -------         DO            
  X:06E9H         SYMBOL        res
  -------         ENDDO         
  C:341EH         LINE#         228
  C:341EH         LINE#         229
  C:341EH         LINE#         230
  C:3421H         LINE#         231
  C:3430H         LINE#         232
  C:3433H         LINE#         233
  C:3438H         LINE#         234
  C:3441H         LINE#         235
  C:344BH         LINE#         236
  C:3451H         LINE#         238
  C:3457H         LINE#         240
  C:3466H         LINE#         241
  C:3466H         LINE#         242
  C:3474H         LINE#         243
  C:3474H         LINE#         244
  C:347AH         LINE#         245
  C:3484H         LINE#         246
  C:3484H         LINE#         247
  C:3496H         LINE#         248
  C:3496H         LINE#         249
  C:34A0H         LINE#         250
  C:34A3H         LINE#         251
  C:34A3H         LINE#         252
  C:34A3H         LINE#         253
  C:34A8H         LINE#         254
  -------         ENDPROC       GET_CSQ
  -------         PROC          GET_CCID
  -------         DO            
  X:06E8H         SYMBOL        res
  D:0007H         SYMBOL        k
  -------         ENDDO         
  C:30FEH         LINE#         264
  C:30FEH         LINE#         265
  C:30FEH         LINE#         266
  C:3104H         LINE#         268
  C:3109H         LINE#         269
  C:3115H         LINE#         270
  C:3115H         LINE#         271
  C:3118H         LINE#         272
  C:3121H         LINE#         273
  C:312BH         LINE#         274
  C:3131H         LINE#         276
  C:3137H         LINE#         277
  C:3146H         LINE#         278
  C:3146H         LINE#         279
  C:3158H         LINE#         280
  C:3158H         LINE#         281
BL51 BANKED LINKER/LOCATER V6.22                                                      12/19/2017  08:58:32  PAGE 24


  C:3159H         LINE#         282
  C:3159H         LINE#         283
  C:3175H         LINE#         284
  C:317AH         LINE#         285
  C:317FH         LINE#         286
  C:3184H         LINE#         287
  C:318AH         LINE#         288
  C:318AH         LINE#         289
  C:318CH         LINE#         291
  C:318CH         LINE#         292
  C:318FH         LINE#         293
  C:318FH         LINE#         294
  C:3196H         LINE#         295
  C:3199H         LINE#         296
  C:319CH         LINE#         297
  C:319FH         LINE#         298
  C:31A4H         LINE#         299
  C:31A9H         LINE#         300
  -------         ENDPROC       GET_CCID
  -------         PROC          WAIT_CREG
  -------         DO            
  X:06E8H         SYMBOL        i
  D:0006H         SYMBOL        k
  -------         ENDDO         
  C:362DH         LINE#         310
  C:362DH         LINE#         311
  C:362DH         LINE#         314
  C:3632H         LINE#         315
  C:3636H         LINE#         316
  C:3636H         LINE#         317
  C:3636H         LINE#         318
  C:3639H         LINE#         319
  C:3642H         LINE#         320
  C:364CH         LINE#         321
  C:3653H         LINE#         322
  C:3656H         LINE#         323
  C:3656H         LINE#         324
  C:3664H         LINE#         325
  C:3664H         LINE#         326
  C:3678H         LINE#         327
  C:3678H         LINE#         328
  C:367EH         LINE#         329
  C:3684H         LINE#         330
  C:3686H         LINE#         331
  C:3686H         LINE#         332
  C:3686H         LINE#         333
  C:3691H         LINE#         334
  C:3694H         LINE#         335
  C:3697H         LINE#         336
  C:369DH         LINE#         337
  C:36A0H         LINE#         338
  C:36A5H         LINE#         339
  -------         ENDPROC       WAIT_CREG
  C:32E1H         SYMBOL        L?0436
  -------         PROC          GET_GPS
  -------         DO            
  X:06E9H         SYMBOL        i
BL51 BANKED LINKER/LOCATER V6.22                                                      12/19/2017  08:58:32  PAGE 25


  -------         ENDDO         
  C:3255H         LINE#         349
  C:3255H         LINE#         350
  C:3255H         LINE#         352
  C:325AH         LINE#         353
  C:325EH         LINE#         354
  C:325EH         LINE#         356
  C:3264H         LINE#         358
  C:326AH         LINE#         359
  C:3279H         LINE#         360
  C:3279H         LINE#         361
  C:327EH         LINE#         362
  C:3284H         LINE#         363
  C:3286H         LINE#         365
  C:3286H         LINE#         366
  C:3289H         LINE#         367
  C:3298H         LINE#         368
  C:329BH         LINE#         369
  C:32A0H         LINE#         370
  C:32A4H         LINE#         371
  C:32A4H         LINE#         372
  C:32AAH         LINE#         374
  C:32B0H         LINE#         375
  C:32C3H         LINE#         376
  C:32C9H         LINE#         377
  C:32C9H         LINE#         378
  C:32D8H         LINE#         379
  C:32DBH         LINE#         380
  C:32E0H         LINE#         381
  -------         ENDPROC       GET_GPS
  -------         PROC          GET_IMEI
  -------         DO            
  D:0005H         SYMBOL        i
  X:06E8H         SYMBOL        res
  D:0006H         SYMBOL        k
  -------         ENDDO         
  C:3532H         LINE#         392
  C:3532H         LINE#         393
  C:3532H         LINE#         394
  C:3538H         LINE#         396
  C:353BH         LINE#         397
  C:3544H         LINE#         398
  C:354EH         LINE#         399
  C:3555H         LINE#         400
  C:3558H         LINE#         401
  C:3558H         LINE#         402
  C:3576H         LINE#         403
  C:3576H         LINE#         404
  C:3577H         LINE#         405
  C:3577H         LINE#         406
  C:3595H         LINE#         407
  C:359AH         LINE#         408
  C:359FH         LINE#         409
  C:359FH         LINE#         411
  C:35AAH         LINE#         412
  C:35ADH         LINE#         413
  C:35B2H         LINE#         414
BL51 BANKED LINKER/LOCATER V6.22                                                      12/19/2017  08:58:32  PAGE 26


  -------         ENDPROC       GET_IMEI
  -------         PROC          SEND_HEART
  -------         DO            
  D:0007H         SYMBOL        i
  -------         ENDDO         
  C:32F4H         LINE#         449
  C:32F4H         LINE#         450
  C:32F4H         LINE#         452
  C:32F7H         LINE#         453
  C:32FAH         LINE#         454
  C:32FAH         LINE#         455
  C:32FAH         LINE#         456
  C:32FAH         LINE#         457
  C:32FAH         LINE#         458
  C:32FAH         LINE#         459
  C:32FFH         LINE#         460
  C:3301H         LINE#         461
  C:3301H         LINE#         462
  C:3304H         LINE#         463
  C:3309H         LINE#         465
  C:3309H         LINE#         466
  C:330FH         LINE#         468
  C:3312H         LINE#         470
  C:3312H         LINE#         471
  C:3312H         LINE#         472
  C:3312H         LINE#         473
  C:3312H         LINE#         474
  C:3312H         LINE#         475
  C:3312H         LINE#         476
  C:3312H         LINE#         477
  C:3312H         LINE#         478
  C:3312H         LINE#         479
  C:3312H         LINE#         480
  C:3312H         LINE#         481
  C:3312H         LINE#         483
  C:3315H         LINE#         484
  C:3315H         LINE#         485
  C:331CH         LINE#         486
  C:3323H         LINE#         488
  C:3323H         LINE#         489
  C:3326H         LINE#         490
  C:332DH         LINE#         491
  C:3335H         LINE#         492
  C:333CH         LINE#         494
  C:333CH         LINE#         495
  C:333FH         LINE#         496
  C:3346H         LINE#         497
  C:334DH         LINE#         499
  C:334DH         LINE#         500
  C:3350H         LINE#         501
  C:3357H         LINE#         502
  C:3359H         LINE#         504
  C:335AH         LINE#         505
  C:335AH         LINE#         507
  C:3360H         LINE#         508
  C:3360H         LINE#         509
  C:3366H         LINE#         510
BL51 BANKED LINKER/LOCATER V6.22                                                      12/19/2017  08:58:32  PAGE 27


  C:336CH         LINE#         511
  C:336CH         LINE#         513
  C:337BH         LINE#         514
  C:3383H         LINE#         515
  C:3388H         LINE#         517
  -------         ENDPROC       SEND_HEART
  -------         PROC          _SECOND_AT_COMMAND1
  X:0720H         SYMBOL        cmd
  X:0723H         SYMBOL        ack
  X:0726H         SYMBOL        d
  X:0727H         SYMBOL        wait_time
  X:0728H         SYMBOL        err
  -------         DO            
  X:0729H         SYMBOL        res
  X:072AH         SYMBOL        c
  -------         ENDDO         
  C:31AAH         LINE#         529
  C:31B0H         LINE#         530
  C:31B0H         LINE#         531
  C:31B6H         LINE#         533
  C:31BAH         LINE#         534
  C:31BDH         LINE#         535
  C:31C2H         LINE#         536
  C:31D7H         LINE#         537
  C:31D7H         LINE#         538
  C:31DAH         LINE#         539
  C:31E3H         LINE#         540
  C:31EDH         LINE#         541
  C:31F2H         LINE#         542
  C:31FAH         LINE#         543
  C:31FCH         LINE#         544
  C:3201H         LINE#         546
  C:320DH         LINE#         548
  C:320DH         LINE#         549
  C:3222H         LINE#         550
  C:3222H         LINE#         551
  C:3227H         LINE#         552
  C:3229H         LINE#         554
  C:3229H         LINE#         555
  C:322EH         LINE#         556
  C:322EH         LINE#         557
  C:3230H         LINE#         558
  C:3233H         LINE#         559
  C:3235H         LINE#         560
  C:324CH         LINE#         561
  C:324FH         LINE#         562
  C:3254H         LINE#         563
  -------         ENDPROC       _SECOND_AT_COMMAND1
  -------         PROC          CONNECT_SERVER_TEST
  -------         DO            
  X:06E8H         SYMBOL        buf
  -------         ENDDO         
  C:1DF5H         LINE#         616
  C:1DF5H         LINE#         617
  C:1DF5H         LINE#         618
  C:1DF5H         LINE#         621
  C:1DFEH         LINE#         622
BL51 BANKED LINKER/LOCATER V6.22                                                      12/19/2017  08:58:32  PAGE 28


  C:1E08H         LINE#         623
  C:1E0FH         LINE#         624
  C:1E12H         LINE#         625
  C:1E5CH         LINE#         626
  C:1E77H         LINE#         627
  C:1E77H         LINE#         628
  C:1E93H         LINE#         629
  C:1E93H         LINE#         630
  C:1E99H         LINE#         631
  C:1EAFH         LINE#         632
  C:1EB8H         LINE#         633
  C:1EB8H         LINE#         634
  C:1EBBH         LINE#         635
  C:1EBEH         LINE#         636
  C:1EC6H         LINE#         637
  C:1ED0H         LINE#         638
  C:1ED5H         LINE#         639
  C:1EDFH         LINE#         640
  C:1EDFH         LINE#         641
  C:1EE6H         LINE#         642
  C:1EECH         LINE#         643
  C:1EF6H         LINE#         644
  C:1EFBH         LINE#         645
  C:1EFDH         LINE#         646
  C:1F04H         LINE#         647
  C:1F04H         LINE#         648
  C:1F06H         LINE#         649
  C:1F06H         LINE#         650
  C:1F08H         LINE#         652
  C:1F08H         LINE#         653
  C:1F0EH         LINE#         654
  C:1F0EH         LINE#         655
  C:1F18H         LINE#         656
  C:1F18H         LINE#         657
  C:1F29H         LINE#         658
  C:1F29H         LINE#         659
  C:1F36H         LINE#         660
  C:1F36H         LINE#         661
  C:1F3EH         LINE#         662
  C:1F46H         LINE#         663
  C:1F4EH         LINE#         664
  C:1F56H         LINE#         666
  C:1F65H         LINE#         667
  C:1F6EH         LINE#         669
  C:1F74H         LINE#         670
  C:1F7BH         LINE#         671
  C:1F7EH         LINE#         672
  C:1F7EH         LINE#         673
  C:1F7EH         LINE#         674
  C:1F7FH         LINE#         676
  C:1F7FH         LINE#         677
  C:1F7FH         LINE#         678
  C:1F89H         LINE#         679
  C:1F89H         LINE#         680
  C:1F89H         LINE#         700
  -------         ENDPROC       CONNECT_SERVER_TEST
  C:0834H         SYMBOL        L?0409
BL51 BANKED LINKER/LOCATER V6.22                                                      12/19/2017  08:58:32  PAGE 29


  C:083BH         SYMBOL        L?0425
  C:0842H         SYMBOL        L?0447
  C:0849H         SYMBOL        L?0448
  C:0850H         SYMBOL        L?0451
  C:085CH         SYMBOL        L?0482
  C:0863H         SYMBOL        L?0483
  C:086AH         SYMBOL        L?0484
  -------         PROC          REC_SERVER_DATA
  C:00A6H         LINE#         709
  C:00A6H         LINE#         710
  C:00A6H         LINE#         711
  C:00B1H         LINE#         712
  C:00B1H         LINE#         714
  C:00C3H         LINE#         715
  C:00C3H         LINE#         716
  C:00CDH         LINE#         717
  C:00D2H         LINE#         718
  C:00D6H         LINE#         719
  C:00E8H         LINE#         720
  C:00E8H         LINE#         721
  C:00F5H         LINE#         722
  C:0105H         LINE#         724
  C:0118H         LINE#         725
  C:012BH         LINE#         727
  C:0137H         LINE#         728
  C:0137H         LINE#         729
  C:013DH         LINE#         730
  C:013DH         LINE#         731
  C:013DH         LINE#         732
  C:013DH         LINE#         733
  C:0140H         LINE#         734
  C:0142H         LINE#         735
  C:0149H         LINE#         736
  C:0149H         LINE#         737
  C:0156H         LINE#         738
  C:0156H         LINE#         739
  C:0156H         LINE#         740
  C:0156H         LINE#         741
  C:0159H         LINE#         742
  C:015BH         LINE#         743
  C:0162H         LINE#         744
  C:0162H         LINE#         745
  C:0165H         LINE#         746
  C:0171H         LINE#         747
  C:0171H         LINE#         748
  C:017DH         LINE#         749
  C:017DH         LINE#         750
  C:017FH         LINE#         751
  C:0186H         LINE#         752
  C:018CH         LINE#         753
  C:018EH         LINE#         754
  C:0191H         LINE#         755
  C:0191H         LINE#         756
  C:019FH         LINE#         757
  C:019FH         LINE#         758
  C:01A1H         LINE#         759
  C:01A8H         LINE#         760
BL51 BANKED LINKER/LOCATER V6.22                                                      12/19/2017  08:58:32  PAGE 30


  C:01AEH         LINE#         761
  C:01B1H         LINE#         762
  C:01B1H         LINE#         763
  C:01B1H         LINE#         764
  C:01B4H         LINE#         765
  C:01C0H         LINE#         766
  C:01C0H         LINE#         768
  C:01C3H         LINE#         769
  C:01C3H         LINE#         770
  C:01C6H         LINE#         771
  C:01C6H         LINE#         772
  C:01C6H         LINE#         773
  C:01C9H         LINE#         774
  C:01D5H         LINE#         775
  C:01D5H         LINE#         776
  C:01E3H         LINE#         777
  C:01E6H         LINE#         778
  C:01E8H         LINE#         779
  C:01F9H         LINE#         780
  C:01F9H         LINE#         781
  C:0209H         LINE#         782
  C:020CH         LINE#         783
  C:0213H         LINE#         784
  C:021DH         LINE#         785
  C:021DH         LINE#         786
  C:0220H         LINE#         787
  C:022CH         LINE#         788
  C:022CH         LINE#         789
  C:023AH         LINE#         790
  C:023DH         LINE#         791
  C:023FH         LINE#         792
  C:0256H         LINE#         793
  C:0256H         LINE#         794
  C:0266H         LINE#         795
  C:026DH         LINE#         796
  C:0276H         LINE#         797
  C:0279H         LINE#         798
  C:0279H         LINE#         799
  C:027CH         LINE#         800
  C:0288H         LINE#         801
  C:0288H         LINE#         802
  C:028EH         LINE#         803
  C:028EH         LINE#         804
  C:0291H         LINE#         805
  C:0295H         LINE#         806
  C:029BH         LINE#         807
  C:029EH         LINE#         808
  C:02A1H         LINE#         809
  C:02C8H         LINE#         810
  C:02C8H         LINE#         811
  C:02EBH         LINE#         812
  C:02F2H         LINE#         813
  C:02F2H         LINE#         814
  C:0309H         LINE#         815
  C:030CH         LINE#         816
  C:0319H         LINE#         817
  C:0319H         LINE#         818
BL51 BANKED LINKER/LOCATER V6.22                                                      12/19/2017  08:58:32  PAGE 31


  C:0335H         LINE#         819
  C:0338H         LINE#         820
  C:0342H         LINE#         821
  C:0342H         LINE#         822
  C:0361H         LINE#         823
  C:0363H         LINE#         824
  C:0376H         LINE#         825
  C:0376H         LINE#         826
  C:03A2H         LINE#         827
  C:03A2H         LINE#         828
  C:03B1H         LINE#         829
  C:03BCH         LINE#         830
  C:03BFH         LINE#         831
  C:03C2H         LINE#         832
  C:03C8H         LINE#         833
  C:03CCH         LINE#         834
  C:03CFH         LINE#         835
  C:03E1H         LINE#         836
  C:03E1H         LINE#         837
  C:03F1H         LINE#         838
  C:03F1H         LINE#         839
  C:03FAH         LINE#         840
  C:03FAH         LINE#         841
  C:03FDH         LINE#         842
  C:03FDH         LINE#         843
  C:0401H         LINE#         844
  C:040BH         LINE#         845
  C:0411H         LINE#         846
  C:0415H         LINE#         847
  C:041BH         LINE#         848
  C:041EH         LINE#         849
  C:0441H         LINE#         850
  C:0441H         LINE#         851
  C:0444H         LINE#         852
  C:0444H         LINE#         853
  C:0448H         LINE#         854
  C:046BH         LINE#         855
  C:0475H         LINE#         856
  C:0486H         LINE#         857
  C:0486H         LINE#         858
  C:0489H         LINE#         859
  C:0498H         LINE#         860
  C:0498H         LINE#         861
  C:049BH         LINE#         862
  C:049BH         LINE#         863
  C:049FH         LINE#         864
  C:04A9H         LINE#         865
  C:04AEH         LINE#         866
  C:04B0H         LINE#         867
  C:04B9H         LINE#         868
  C:04BCH         LINE#         869
  C:04BCH         LINE#         870
  C:04BFH         LINE#         871
  C:04CBH         LINE#         872
  C:04CBH         LINE#         873
  C:04D0H         LINE#         874
  C:04D2H         LINE#         875
BL51 BANKED LINKER/LOCATER V6.22                                                      12/19/2017  08:58:32  PAGE 32


  C:04D4H         LINE#         876
  C:04D4H         LINE#         877
  C:04D8H         LINE#         878
  C:04DEH         LINE#         879
  C:04E1H         LINE#         881
  C:04EDH         LINE#         882
  C:04EDH         LINE#         883
  C:04F0H         LINE#         884
  C:04F3H         LINE#         886
  C:0505H         LINE#         887
  C:0505H         LINE#         888
  C:0528H         LINE#         889
  C:0528H         LINE#         890
  C:054CH         LINE#         891
  C:0565H         LINE#         892
  C:0575H         LINE#         893
  C:058CH         LINE#         894
  C:05A6H         LINE#         895
  C:05C0H         LINE#         896
  C:05C2H         LINE#         897
  C:05C2H         LINE#         898
  C:05C6H         LINE#         899
  C:05C9H         LINE#         900
  C:05C9H         LINE#         901
  C:05CCH         LINE#         902
  C:05E7H         LINE#         903
  C:05E7H         LINE#         904
  C:05F9H         LINE#         905
  C:05F9H         LINE#         906
  C:060FH         LINE#         907
  C:060FH         LINE#         908
  C:062AH         LINE#         910
  C:0631H         LINE#         911
  C:063BH         LINE#         912
  C:064DH         LINE#         913
  C:065CH         LINE#         914
  C:0678H         LINE#         915
  C:0694H         LINE#         916
  C:0699H         LINE#         917
  C:06A1H         LINE#         918
  C:06A9H         LINE#         919
  C:06B1H         LINE#         920
  C:06B9H         LINE#         921
  C:06C5H         LINE#         922
  C:06D4H         LINE#         923
  C:06DFH         LINE#         924
  C:06EEH         LINE#         925
  C:06F3H         LINE#         926
  C:06F9H         LINE#         927
  C:06FCH         LINE#         928
  C:06FFH         LINE#         929
  C:0706H         LINE#         931
  C:0715H         LINE#         932
  C:0715H         LINE#         933
  C:0715H         LINE#         968
  C:0718H         LINE#         969
  C:0727H         LINE#         970
BL51 BANKED LINKER/LOCATER V6.22                                                      12/19/2017  08:58:32  PAGE 33


  C:0727H         LINE#         971
  C:075BH         LINE#         972
  C:076DH         LINE#         973
  C:077AH         LINE#         975
  C:077DH         LINE#         976
  C:077FH         LINE#         977
  C:0783H         LINE#         980
  C:078BH         LINE#         981
  C:0793H         LINE#         982
  C:079BH         LINE#         983
  C:07A3H         LINE#         985
  C:07ABH         LINE#         986
  C:07B3H         LINE#         987
  C:07B8H         LINE#         988
  C:07B8H         LINE#         989
  C:07BAH         LINE#         990
  C:07C9H         LINE#         991
  C:07C9H         LINE#         992
  C:07CDH         LINE#         993
  C:07D3H         LINE#         994
  C:07D5H         LINE#         995
  C:07D5H         LINE#         996
  C:07D5H         LINE#         997
  C:07D8H         LINE#         998
  C:07D8H         LINE#         999
  C:07E7H         LINE#         1000
  C:07E7H         LINE#         1001
  C:07EFH         LINE#         1002
  C:07EFH         LINE#         1003
  C:07F2H         LINE#         1004
  C:07F2H         LINE#         1005
  C:07F2H         LINE#         1006
  C:0810H         LINE#         1007
  C:0810H         LINE#         1008
  C:0818H         LINE#         1009
  C:0818H         LINE#         1010
  C:081BH         LINE#         1011
  C:081BH         LINE#         1012
  C:081BH         LINE#         1014
  C:082AH         LINE#         1015
  C:082AH         LINE#         1016
  C:082DH         LINE#         1017
  C:082DH         LINE#         1018
  C:0830H         LINE#         1019
  C:0830H         LINE#         1022
  C:0833H         LINE#         1023
  C:0833H         LINE#         1024
  -------         ENDPROC       REC_SERVER_DATA
  -------         PROC          SEND_ANSWERADDR
  C:3B64H         LINE#         1047
  C:3B64H         LINE#         1048
  C:3B64H         LINE#         1049
  C:3B6AH         LINE#         1050
  C:3B6AH         LINE#         1051
  C:3B6DH         LINE#         1052
  C:3B6DH         LINE#         1053
  C:3B73H         LINE#         1054
BL51 BANKED LINKER/LOCATER V6.22                                                      12/19/2017  08:58:32  PAGE 34


  C:3B73H         LINE#         1055
  C:3B76H         LINE#         1056
  C:3B76H         LINE#         1057
  -------         ENDPROC       SEND_ANSWERADDR
  -------         PROC          _FIND_STRING
  X:0720H         SYMBOL        Frame
  X:0723H         SYMBOL        length
  X:0724H         SYMBOL        Temp
  -------         DO            
  X:0727H         SYMBOL        i
  X:0729H         SYMBOL        j
  -------         ENDDO         
  C:2FA2H         LINE#         1062
  C:2FADH         LINE#         1063
  C:2FADH         LINE#         1065
  C:2FB0H         LINE#         1066
  C:2FCCH         LINE#         1067
  C:2FCCH         LINE#         1068
  C:2FD1H         LINE#         1069
  C:2FE6H         LINE#         1070
  C:2FE6H         LINE#         1071
  C:2FF8H         LINE#         1072
  C:2FF8H         LINE#         1073
  C:3016H         LINE#         1074
  C:3016H         LINE#         1075
  C:301EH         LINE#         1076
  C:3035H         LINE#         1077
  C:3035H         LINE#         1078
  C:303EH         LINE#         1079
  C:3041H         LINE#         1080
  C:3041H         LINE#         1081
  C:3041H         LINE#         1082
  C:304AH         LINE#         1083
  C:304DH         LINE#         1084
  C:304FH         LINE#         1085
  -------         ENDPROC       _FIND_STRING
  -------         PROC          SEND_LOGIN
  -------         DO            
  D:0007H         SYMBOL        i
  -------         ENDDO         
  C:2BC5H         LINE#         1088
  C:2BC5H         LINE#         1089
  C:2BC5H         LINE#         1091
  C:2BC5H         LINE#         1092
  C:2BC5H         LINE#         1093
  C:2BC5H         LINE#         1094
  C:2BC5H         LINE#         1095
  C:2BC5H         LINE#         1096
  C:2BCAH         LINE#         1098
  C:2BCCH         LINE#         1099
  C:2BCCH         LINE#         1100
  C:2BCFH         LINE#         1101
  C:2BD4H         LINE#         1102
  C:2BD4H         LINE#         1103
  C:2BDAH         LINE#         1105
  C:2BDCH         LINE#         1106
  C:2BDCH         LINE#         1107
BL51 BANKED LINKER/LOCATER V6.22                                                      12/19/2017  08:58:32  PAGE 35


  C:2BDCH         LINE#         1109
  C:2BDCH         LINE#         1110
  C:2BDCH         LINE#         1111
  C:2BDCH         LINE#         1112
  C:2BDCH         LINE#         1113
  C:2BDCH         LINE#         1114
  C:2BDCH         LINE#         1115
  C:2BDCH         LINE#         1116
  C:2BDCH         LINE#         1117
  C:2BDCH         LINE#         1118
  C:2BDCH         LINE#         1119
  C:2BDCH         LINE#         1120
  C:2BDCH         LINE#         1121
  C:2BDCH         LINE#         1122
  C:2BDCH         LINE#         1123
  C:2BDCH         LINE#         1124
  C:2BDFH         LINE#         1126
  C:2BDFH         LINE#         1127
  C:2BDFH         LINE#         1128
  C:2BDFH         LINE#         1129
  C:2BDFH         LINE#         1130
  C:2BDFH         LINE#         1131
  C:2BDFH         LINE#         1132
  C:2BDFH         LINE#         1133
  C:2BDFH         LINE#         1134
  C:2BDFH         LINE#         1135
  C:2BDFH         LINE#         1136
  C:2BDFH         LINE#         1137
  C:2BDFH         LINE#         1139
  C:2BE2H         LINE#         1140
  C:2BE2H         LINE#         1141
  C:2BE9H         LINE#         1142
  C:2BF0H         LINE#         1144
  C:2BF0H         LINE#         1145
  C:2BF3H         LINE#         1146
  C:2BF6H         LINE#         1147
  C:2BF6H         LINE#         1148
  C:2BF6H         LINE#         1149
  C:2BF6H         LINE#         1150
  C:2BF6H         LINE#         1151
  C:2BF6H         LINE#         1153
  C:2BF9H         LINE#         1154
  C:2BF9H         LINE#         1155
  C:2C00H         LINE#         1156
  C:2C08H         LINE#         1157
  C:2C0FH         LINE#         1159
  C:2C0FH         LINE#         1160
  C:2C12H         LINE#         1161
  C:2C19H         LINE#         1162
  C:2C20H         LINE#         1164
  C:2C20H         LINE#         1165
  C:2C26H         LINE#         1166
  C:2C29H         LINE#         1167
  C:2C29H         LINE#         1168
  C:2C29H         LINE#         1169
  C:2C29H         LINE#         1171
  C:2C2FH         LINE#         1172
BL51 BANKED LINKER/LOCATER V6.22                                                      12/19/2017  08:58:32  PAGE 36


  C:2C30H         LINE#         1173
  C:2C37H         LINE#         1174
  C:2C40H         LINE#         1176
[...]
  D:008EH         PUBLIC        AUXR
  X:0004H         PUBLIC        Uart2_RXD_Chaoshi
  D:00E0H         PUBLIC        ACC
  X:0005H         PUBLIC        Uart2_Temp
  B:00A8H.3       PUBLIC        ET1
  D:008DH         PUBLIC        TH1
  D:00D6H         PUBLIC        T2H
  X:0299H         PUBLIC        Uart2_Buf
  C:36A6H         PUBLIC        Uart2
  D:008BH         PUBLIC        TL1
  D:00D7H         PUBLIC        T2L
  B:0088H.6       PUBLIC        TR1
  C:3AA1H         PUBLIC        _UART2_SendString
  C:3C02H         PUBLIC        _UART1_SendData
  C:3B9CH         PUBLIC        _UART2_SendData
  C:0016H         PUBLIC        _UART2_Send_Len
  D:009BH         PUBLIC        S2BUF
  C:3AF4H         PUBLIC        Uart1Init
  D:009AH         PUBLIC        S2CON
  C:3A1AH         PUBLIC        Uart2Init
  C:38D5H         PUBLIC        Buf2Temp
  D:00D0H         PUBLIC        PSW
  C:3B3BH         SYMBOL        Com001E
  C:3B3BH         SYMBOL        L?0031
  C:3B47H         SYMBOL        L?0032
  -------         PROC          COM001E
  -------         ENDPROC       COM001E
  -------         PROC          UART1INIT
  C:3AF4H         LINE#         14
  C:3AF4H         LINE#         15
  C:3AF4H         LINE#         16
  C:3AF7H         LINE#         17
  C:3AFAH         LINE#         18
  C:3AFDH         LINE#         19
  C:3B00H         LINE#         20
  C:3B03H         LINE#         21
  C:3B06H         LINE#         22
  C:3B08H         LINE#         23
  C:3B0AH         LINE#         24
  C:3B0CH         LINE#         25
  -------         ENDPROC       UART1INIT
  -------         PROC          UART2INIT
  -------         DO            
  X:06E8H         SYMBOL        GPIO_InitStructure
  -------         ENDDO         
  C:3A1AH         LINE#         27
  C:3A1AH         LINE#         28
  C:3A1AH         LINE#         30
  C:3A20H         LINE#         31
  C:3A24H         LINE#         32
  C:3A2DH         LINE#         34
BL51 BANKED LINKER/LOCATER V6.22                                                      12/19/2017  08:58:32  PAGE 56


  C:3A30H         LINE#         35
  C:3A33H         LINE#         36
  C:3A36H         LINE#         37
  C:3A39H         LINE#         38
  C:3A3CH         LINE#         39
  C:3A3FH         LINE#         40
  -------         ENDPROC       UART2INIT
  -------         PROC          _UART1_SENDDATA
  D:0007H         SYMBOL        dat
  C:3C02H         LINE#         45
  C:3C02H         LINE#         46
  C:3C02H         LINE#         47
  C:3C04H         LINE#         48
  C:3C06H         LINE#         49
  C:3C09H         LINE#         50
  C:3C0BH         LINE#         51
  C:3C0DH         LINE#         52
  -------         ENDPROC       _UART1_SENDDATA
  -------         PROC          _UART2_SEND_LEN
  X:071AH         SYMBOL        s
  X:071DH         SYMBOL        len
  C:0016H         LINE#         80
  C:0021H         LINE#         81
  C:0021H         LINE#         82
  C:0025H         LINE#         83
  C:002BH         LINE#         84
  C:002BH         LINE#         85
  C:0034H         LINE#         86
  C:003AH         LINE#         87
  C:003CH         LINE#         88
  -------         ENDPROC       _UART2_SEND_LEN
  -------         PROC          _UART2_SENDDATA
  D:0007H         SYMBOL        dat
  C:3B9CH         LINE#         93
  C:3B9CH         LINE#         94
  C:3B9CH         LINE#         95
  C:3B9FH         LINE#         96
  C:3BA1H         LINE#         97
  C:3BA6H         LINE#         98
  C:3BA9H         LINE#         99
  C:3BACH         LINE#         100
  -------         ENDPROC       _UART2_SENDDATA
  -------         PROC          _UART2_SENDSTRING
  X:072DH         SYMBOL        s
  C:3AA1H         LINE#         104
  C:3AA7H         LINE#         105
  C:3AA7H         LINE#         106
  C:3AB2H         LINE#         107
  C:3AB2H         LINE#         108
  C:3ABBH         LINE#         109
  C:3ABDH         LINE#         110
  -------         ENDPROC       _UART2_SENDSTRING
  -------         PROC          UART2
  C:36A6H         LINE#         141
  C:36B7H         LINE#         143
  C:36BAH         LINE#         145
  C:36C0H         LINE#         147
BL51 BANKED LINKER/LOCATER V6.22                                                      12/19/2017  08:58:32  PAGE 57


  C:36C5H         LINE#         148
  C:36C5H         LINE#         149
  C:36C8H         LINE#         150
  C:36D5H         LINE#         151
  C:36DFH         LINE#         152
  C:36EEH         LINE#         153
  C:36EEH         LINE#         154
  C:36F2H         LINE#         155
  C:36F2H         LINE#         156
  C:36F2H         LINE#         157
  C:36F7H         LINE#         158
  C:36F7H         LINE#         159
  C:36FAH         LINE#         160
  C:36FAH         LINE#         161
  C:36FDH         LINE#         162
  -------         ENDPROC       UART2
  -------         PROC          CLR_BUF2
  -------         DO            
  D:0006H         SYMBOL        k
  -------         ENDDO         
  C:3ADAH         LINE#         172
  C:3ADAH         LINE#         173
  C:3ADAH         LINE#         175
  C:3ADDH         LINE#         176
  C:3ADDH         LINE#         177
  C:3ADDH         LINE#         178
  C:3AEBH         LINE#         179
  C:3AEBH         LINE#         180
  C:3AF0H         LINE#         181
  C:3AF3H         LINE#         182
  -------         ENDPROC       CLR_BUF2
  -------         PROC          BUF2TEMP
  -------         DO            
  X:06E6H         SYMBOL        i
  -------         ENDDO         
  C:38D5H         LINE#         184
  C:38D5H         LINE#         185
  C:38D5H         LINE#         189
  C:38D5H         LINE#         191
  C:38D8H         LINE#         192
  C:38DFH         LINE#         193
  C:38DFH         LINE#         194
  C:38F8H         LINE#         195
  C:390EH         LINE#         196
  C:3911H         LINE#         198
  C:3911H         LINE#         199
  -------         ENDPROC       BUF2TEMP
  -------         ENDMOD        UART

  -------         MODULE        GPS
  C:0000H         SYMBOL        _ICE_DUMMY_
  D:0080H         PUBLIC        P0
  D:0090H         PUBLIC        P1
  D:00A0H         PUBLIC        P2
  D:00B0H         PUBLIC        P3
  D:00C0H         PUBLIC        P4
  D:00C8H         PUBLIC        P5
BL51 BANKED LINKER/LOCATER V6.22                                                      12/19/2017  08:58:32  PAGE 58


  C:37B4H         PUBLIC        _NMEA_Comma_Pos
  D:00A8H         PUBLIC        IE
  C:3050H         PUBLIC        _NMEA_GPGGA_Analysis
  C:3A40H         PUBLIC        _GPS_Analysis
  D:00B8H         PUBLIC        IP
  D:00D8H         PUBLIC        CCON
  C:1739H         PUBLIC        _NMEA_GPRMC_Analysis
  X:075AH         PUBLIC        z1
  X:0766H         PUBLIC        z2
  D:0098H         PUBLIC        SCON
  D:0088H         PUBLIC        TCON
  D:00F0H         PUBLIC        B
  D:00E0H         PUBLIC        ACC
  C:29FCH         PUBLIC        _NMEA_StrBuf
  D:00D0H         PUBLIC        PSW
  C:34A9H         SYMBOL        Com0034
  C:34A9H         SYMBOL        L?0053
  C:34A9H         SYMBOL        L?0054
  C:34B6H         SYMBOL        L?0055
  C:34B6H         SYMBOL        L?0056
  C:34C8H         SYMBOL        L?0057
  C:34C8H         SYMBOL        L?0058
  C:34CCH         SYMBOL        L?0059
  C:34D4H         SYMBOL        L?0060
  C:34DBH         SYMBOL        L?0061
  C:34E5H         SYMBOL        L?0064
  C:34F1H         SYMBOL        L?0065
  C:34F7H         SYMBOL        L?0067
  C:34F7H         SYMBOL        L?0068
  C:34FDH         SYMBOL        L?0069
  C:34FDH         SYMBOL        L?0070
  C:3503H         SYMBOL        L?0071
  C:3503H         SYMBOL        L?0072
  C:3509H         SYMBOL        L?0073
  C:350AH         SYMBOL        L?0074
  C:3512H         SYMBOL        L?0075
  C:351DH         SYMBOL        L?0076
  C:351DH         SYMBOL        L?0077
  C:3523H         SYMBOL        L?0078
  C:352CH         SYMBOL        L?0079
  C:352CH         SYMBOL        L?0080
  -------         PROC          COM0034
  -------         ENDPROC       COM0034
  -------         PROC          _NMEA_COMMA_POS
  X:0720H         SYMBOL        buf
  D:0005H         SYMBOL        cx
  -------         DO            
  X:0723H         SYMBOL        p
  -------         ENDDO         
  C:37B4H         LINE#         10
  C:37BAH         LINE#         11
  C:37BAH         LINE#         12
  C:37C0H         LINE#         13
  C:37C3H         LINE#         14
  C:37C3H         LINE#         15
  C:37E0H         LINE#         16
  C:37E7H         LINE#         17
BL51 BANKED LINKER/LOCATER V6.22                                                      12/19/2017  08:58:32  PAGE 59


  C:37F1H         LINE#         18
  C:37F3H         LINE#         19
  C:3805H         LINE#         20
  -------         ENDPROC       _NMEA_COMMA_POS
  -------         PROC          _NMEA_GPGGA_ANALYSIS
  X:06F0H         SYMBOL        gpsx
  X:06F3H         SYMBOL        buf
  -------         DO            
  X:06F6H         SYMBOL        p1
  X:06F9H         SYMBOL        dx
  D:0007H         SYMBOL        posx
  -------         ENDDO         
  C:3050H         LINE#         27
  C:3056H         LINE#         28
  C:3056H         LINE#         31
  C:3071H         LINE#         32
  C:307CH         LINE#         33
  C:3084H         LINE#         34
  C:3088H         LINE#         35
  C:3088H         LINE#         36
  C:3096H         LINE#         37
  C:3096H         LINE#         38
  C:309BH         LINE#         39
  C:309DH         LINE#         41
  C:309DH         LINE#         42
  C:30A5H         LINE#         43
  C:30A5H         LINE#         44
  C:30A5H         LINE#         45
  C:30ADH         LINE#         46
  C:30B1H         LINE#         47
  C:30B1H         LINE#         48
  C:30D2H         LINE#         49
  C:30E1H         LINE#         50
  C:30E8H         LINE#         51
  C:30EAH         LINE#         53
  C:30EAH         LINE#         54
  C:30F5H         LINE#         55
  C:30FDH         LINE#         56
  C:30FDH         LINE#         57
  -------         ENDPROC       _NMEA_GPGGA_ANALYSIS
  C:19CCH         SYMBOL        L?0062
  C:19D6H         SYMBOL        L?0063
  C:19E5H         SYMBOL        L?0066
  C:19EFH         SYMBOL        L?0081
  -------         PROC          _NMEA_GPRMC_ANALYSIS
  X:06F0H         SYMBOL        gpsx
  X:06F3H         SYMBOL        buf
  -------         DO            
  X:06F6H         SYMBOL        p1
  X:06F9H         SYMBOL        dx
  X:06FAH         SYMBOL        posx
  -------         ENDDO         
  C:1739H         LINE#         63
  C:173FH         LINE#         64
  C:173FH         LINE#         67
  C:175AH         LINE#         68
  C:175CH         LINE#         70
BL51 BANKED LINKER/LOCATER V6.22                                                      12/19/2017  08:58:32  PAGE 60


  C:1761H         LINE#         71
  C:1761H         LINE#         72
  C:1776H         LINE#         81
  C:1784H         LINE#         82
  C:178DH         LINE#         83
  C:1799H         LINE#         84
  C:179CH         LINE#         85
  C:179CH         LINE#         86
  C:17A1H         LINE#         87
  C:17A6H         LINE#         88
  C:17A6H         LINE#         89
  C:17B8H         LINE#         91
  C:17BFH         LINE#         92
  C:17CEH         LINE#         93
  C:17D8H         LINE#         94
  C:17E2H         LINE#         96
  C:17ECH         LINE#         97
  C:17F6H         LINE#         98
  C:1800H         LINE#         99
  C:180AH         LINE#         100
  C:1811H         LINE#         101
  C:1813H         LINE#         103
  C:1813H         LINE#         104
  C:181BH         LINE#         105
  C:1826H         LINE#         106
  C:182EH         LINE#         107
  C:1836H         LINE#         109
  C:183EH         LINE#         110
  C:1846H         LINE#         111
  C:184EH         LINE#         112
  C:1856H         LINE#         113
  C:185EH         LINE#         114
  C:185EH         LINE#         115
  C:1863H         LINE#         116
  C:1868H         LINE#         117
  C:1868H         LINE#         118
  C:1871H         LINE#         119
  C:1871H         LINE#         120
  C:1876H         LINE#         121
  C:1878H         LINE#         123
  C:1878H         LINE#         124
  C:1880H         LINE#         125
  C:1880H         LINE#         126
  C:1880H         LINE#         128
  C:1885H         LINE#         129
  C:188AH         LINE#         130
  C:188AH         LINE#         131
  C:189CH         LINE#         133
  C:18A6H         LINE#         134
  C:18B0H         LINE#         135
  C:18BAH         LINE#         136
  C:18C4H         LINE#         137
  C:18CEH         LINE#         139
  C:18D8H         LINE#         140
  C:18E2H         LINE#         141
  C:18ECH         LINE#         142
  C:18F6H         LINE#         143
BL51 BANKED LINKER/LOCATER V6.22                                                      12/19/2017  08:58:32  PAGE 61


  C:18FDH         LINE#         144
  C:18FFH         LINE#         146
  C:18FFH         LINE#         147
  C:190AH         LINE#         148
  C:1912H         LINE#         149
  C:191AH         LINE#         150
  C:1922H         LINE#         151
  C:192AH         LINE#         153
  C:1932H         LINE#         154
  C:193AH         LINE#         155
  C:1942H         LINE#         156
  C:194AH         LINE#         157
  C:1952H         LINE#         158
  C:1952H         LINE#         159
  C:1957H         LINE#         160
  C:195CH         LINE#         161
  C:195CH         LINE#         162
  C:1965H         LINE#         163
  C:1965H         LINE#         164
  C:196AH         LINE#         165
  C:196CH         LINE#         167
  C:196CH         LINE#         168
  C:1974H         LINE#         169
  C:1974H         LINE#         170
  C:1974H         LINE#         172
  C:1979H         LINE#         173
  C:197EH         LINE#         174
  C:197EH         LINE#         175
  C:1993H         LINE#         184
  C:19A1H         LINE#         185
  C:19AAH         LINE#         186
  C:19CBH         LINE#         188
  C:19CBH         LINE#         189
  -------         ENDPROC       _NMEA_GPRMC_ANALYSIS
  -------         PROC          _GPS_ANALYSIS
  X:06EAH         SYMBOL        gpsx
  X:06EDH         SYMBOL        buf
  C:3A40H         LINE#         223
  C:3A46H         LINE#         224
  C:3A46H         LINE#         225
  C:3A55H         LINE#         227
  -------         ENDPROC       _GPS_ANALYSIS
  -------         PROC          _NMEA_STRBUF
  X:0720H         SYMBOL        buf
  X:0723H         SYMBOL        dx
  -------         DO            
  D:0001H         SYMBOL        p
  X:0726H         SYMBOL        ilen
  X:0727H         SYMBOL        flen
  X:0728H         SYMBOL        i
  D:0007H         SYMBOL        mask
  -------         ENDDO         
  C:29FCH         LINE#         236
  C:2A02H         LINE#         237
  C:2A02H         LINE#         238
  C:2A05H         LINE#         239
  C:2A0CH         LINE#         240
BL51 BANKED LINKER/LOCATER V6.22                                                      12/19/2017  08:58:32  PAGE 62


  C:2A0DH         LINE#         242
  C:2A0DH         LINE#         243
  C:2A0DH         LINE#         244
  C:2A19H         LINE#         245
  C:2A26H         LINE#         246
  C:2A30H         LINE#         253
  C:2A39H         LINE#         254
  C:2A3FH         LINE#         255
  C:2A42H         LINE#         256
  C:2A44H         LINE#         257
  C:2A52H         LINE#         259
  C:2A5EH         LINE#         260
  C:2A71H         LINE#         261
  C:2A71H         LINE#         262
  C:2A82H         LINE#         263
  C:2A87H         LINE#         265
  C:2A93H         LINE#         266
  C:2AA2H         LINE#         267
  C:2AB3H         LINE#         268
  C:2AB3H         LINE#         269
  C:2ADBH         LINE#         270
  C:2AE0H         LINE#         271
  C:2AE5H         LINE#         272
  -------         ENDPROC       _NMEA_STRBUF
  -------         ENDMOD        GPS

  -------         MODULE        ?C?CLDPTR
  C:113DH         PUBLIC        ?C?CLDPTR
  -------         ENDMOD        ?C?CLDPTR

  -------         MODULE        ?C?CLDOPTR
  C:1156H         PUBLIC        ?C?CLDOPTR
  -------         ENDMOD        ?C?CLDOPTR

  -------         MODULE        ?C?CSTPTR
  C:1183H         PUBLIC        ?C?CSTPTR
  -------         ENDMOD        ?C?CSTPTR

  -------         MODULE        ?C?CSTOPTR
  C:1195H         PUBLIC        ?C?CSTOPTR
  -------         ENDMOD        ?C?CSTOPTR

  -------         MODULE        ?C?IMUL
  C:11B7H         PUBLIC        ?C?IMUL
  -------         ENDMOD        ?C?IMUL

  -------         MODULE        ?C?UIDIV
  C:11C9H         PUBLIC        ?C?UIDIV
  -------         ENDMOD        ?C?UIDIV

  -------         MODULE        ?C?SIDIV
  C:121EH         PUBLIC        ?C?SIDIV
  -------         ENDMOD        ?C?SIDIV

  -------         MODULE        ?C?IILDX
  C:1254H         PUBLIC        ?C?IILDX
  -------         ENDMOD        ?C?IILDX
BL51 BANKED LINKER/LOCATER V6.22                                                      12/19/2017  08:58:32  PAGE 63



  -------         MODULE        ?C?LMUL
  C:126AH         PUBLIC        ?C?LMUL
  -------         ENDMOD        ?C?LMUL

  -------         MODULE        ?C?ULDIV
  C:12F5H         PUBLIC        ?C?ULDIV
  -------         ENDMOD        ?C?ULDIV

  -------         MODULE        ?C?ULCMP
  C:1387H         PUBLIC        ?C?ULCMP
  -------         ENDMOD        ?C?ULCMP

  -------         MODULE        ?C?ULSHR
  C:1398H         PUBLIC        ?C?ULSHR
  -------         ENDMOD        ?C?ULSHR

  -------         MODULE        ?C?LLDXDATA
  C:13ABH         PUBLIC        ?C?LLDXDATA
  -------         ENDMOD        ?C?LLDXDATA

  -------         MODULE        ?C?LLDXDATA0
  C:13B7H         PUBLIC        ?C?LLDXDATA0
  -------         ENDMOD        ?C?LLDXDATA0

  -------         MODULE        ?C?LSTXDATA
  C:13C3H         PUBLIC        ?C?LSTXDATA
  -------         ENDMOD        ?C?LSTXDATA

  -------         MODULE        ?C?LSTKXDATA
  C:13CFH         PUBLIC        ?C?LSTKXDATA
  -------         ENDMOD        ?C?LSTKXDATA

  -------         MODULE        ?C?PLDXDATA
  C:1400H         PUBLIC        ?C?PLDXDATA
  -------         ENDMOD        ?C?PLDXDATA

  -------         MODULE        ?C?PLDIXDATA
  C:1409H         PUBLIC        ?C?PLDIXDATA
  -------         ENDMOD        ?C?PLDIXDATA

  -------         MODULE        ?C?PSTXDATA
  C:1420H         PUBLIC        ?C?PSTXDATA
  -------         ENDMOD        ?C?PSTXDATA

  -------         MODULE        ?C?CCASE
  C:1429H         PUBLIC        ?C?CCASE
  -------         ENDMOD        ?C?CCASE

  -------         MODULE        PRINTF
  X:071AH         PUBLIC        ?_PRINTF517?BYTE
  X:071AH         PUBLIC        ?_PRINTF?BYTE
  X:071AH         PUBLIC        ?_SPRINTF517?BYTE
  X:071AH         PUBLIC        ?_SPRINTF?BYTE
  C:0E43H         PUBLIC        _PRINTF
  C:0E43H         PUBLIC        _PRINTF517
  C:0E3DH         PUBLIC        _SPRINTF
BL51 BANKED LINKER/LOCATER V6.22                                                      12/19/2017  08:58:32  PAGE 64


  C:0E3DH         PUBLIC        _SPRINTF517
  -------         ENDMOD        PRINTF

  -------         MODULE        STRSTR
  X:072DH         PUBLIC        ?_strstr?BYTE
  C:2D6EH         PUBLIC        _strstr
  -------         ENDMOD        STRSTR

  -------         MODULE        PUTCHAR
  C:39F3H         PUBLIC        _PUTCHAR
  -------         ENDMOD        PUTCHAR

*** WARNING L16: UNCALLED SEGMENT, IGNORED FOR OVERLAY PROCESS
    SEGMENT: ?PR?_UART1_SENDDATA?UART

Program Size: data=24.1 xdata=1910 code=15375
LINK/LOCATE RUN COMPLETE.  1 WARNING(S),  0 ERROR(S)
